Archive member included to satisfy reference by file (symbol)

c:/programming/assembler/toolchain-gd32v-v202-win/toolchain-gd32v-v202-win/compiler/bin/../lib/gcc/riscv64-unknown-elf/8.3.0/rv32imac/ilp32\libgcc.a(divdf3.o)
                              build/lcd.o (__divdf3)
c:/programming/assembler/toolchain-gd32v-v202-win/toolchain-gd32v-v202-win/compiler/bin/../lib/gcc/riscv64-unknown-elf/8.3.0/rv32imac/ilp32\libgcc.a(ledf2.o)
                              build/lcd.o (__ltdf2)
c:/programming/assembler/toolchain-gd32v-v202-win/toolchain-gd32v-v202-win/compiler/bin/../lib/gcc/riscv64-unknown-elf/8.3.0/rv32imac/ilp32\libgcc.a(muldf3.o)
                              build/lcd.o (__muldf3)
c:/programming/assembler/toolchain-gd32v-v202-win/toolchain-gd32v-v202-win/compiler/bin/../lib/gcc/riscv64-unknown-elf/8.3.0/rv32imac/ilp32\libgcc.a(floatunsidf.o)
                              build/lcd.o (__floatunsidf)
c:/programming/assembler/toolchain-gd32v-v202-win/toolchain-gd32v-v202-win/compiler/bin/../lib/gcc/riscv64-unknown-elf/8.3.0/rv32imac/ilp32\libgcc.a(floatundidf.o)
                              build/lcd.o (__floatundidf)
c:/programming/assembler/toolchain-gd32v-v202-win/toolchain-gd32v-v202-win/compiler/bin/../lib/gcc/riscv64-unknown-elf/8.3.0/rv32imac/ilp32\libgcc.a(mulsf3.o)
                              build/lcd.o (__mulsf3)
c:/programming/assembler/toolchain-gd32v-v202-win/toolchain-gd32v-v202-win/compiler/bin/../lib/gcc/riscv64-unknown-elf/8.3.0/rv32imac/ilp32\libgcc.a(fixunssfsi.o)
                              build/lcd.o (__fixunssfsi)
c:/programming/assembler/toolchain-gd32v-v202-win/toolchain-gd32v-v202-win/compiler/bin/../lib/gcc/riscv64-unknown-elf/8.3.0/rv32imac/ilp32\libgcc.a(_lshrdi3.o)
                              c:/programming/assembler/toolchain-gd32v-v202-win/toolchain-gd32v-v202-win/compiler/bin/../lib/gcc/riscv64-unknown-elf/8.3.0/rv32imac/ilp32\libgcc.a(floatundidf.o) (__lshrdi3)
c:/programming/assembler/toolchain-gd32v-v202-win/toolchain-gd32v-v202-win/compiler/bin/../lib/gcc/riscv64-unknown-elf/8.3.0/rv32imac/ilp32\libgcc.a(_ashldi3.o)
                              c:/programming/assembler/toolchain-gd32v-v202-win/toolchain-gd32v-v202-win/compiler/bin/../lib/gcc/riscv64-unknown-elf/8.3.0/rv32imac/ilp32\libgcc.a(floatundidf.o) (__ashldi3)
c:/programming/assembler/toolchain-gd32v-v202-win/toolchain-gd32v-v202-win/compiler/bin/../lib/gcc/riscv64-unknown-elf/8.3.0/rv32imac/ilp32\libgcc.a(_clzsi2.o)
                              c:/programming/assembler/toolchain-gd32v-v202-win/toolchain-gd32v-v202-win/compiler/bin/../lib/gcc/riscv64-unknown-elf/8.3.0/rv32imac/ilp32\libgcc.a(divdf3.o) (__clzsi2)
c:/programming/assembler/toolchain-gd32v-v202-win/toolchain-gd32v-v202-win/compiler/bin/../lib/gcc/riscv64-unknown-elf/8.3.0/rv32imac/ilp32\libgcc.a(_clz.o)
                              c:/programming/assembler/toolchain-gd32v-v202-win/toolchain-gd32v-v202-win/compiler/bin/../lib/gcc/riscv64-unknown-elf/8.3.0/rv32imac/ilp32\libgcc.a(_clzsi2.o) (__clz_tab)
c:/programming/assembler/toolchain-gd32v-v202-win/toolchain-gd32v-v202-win/compiler/bin/../lib/gcc/riscv64-unknown-elf/8.3.0/../../../../riscv64-unknown-elf/lib/rv32imac/ilp32\libc_nano.a(lib_a-atexit.o)
                              build/start.o (atexit)
c:/programming/assembler/toolchain-gd32v-v202-win/toolchain-gd32v-v202-win/compiler/bin/../lib/gcc/riscv64-unknown-elf/8.3.0/../../../../riscv64-unknown-elf/lib/rv32imac/ilp32\libc_nano.a(lib_a-exit.o)
                              build/start.o (exit)
c:/programming/assembler/toolchain-gd32v-v202-win/toolchain-gd32v-v202-win/compiler/bin/../lib/gcc/riscv64-unknown-elf/8.3.0/../../../../riscv64-unknown-elf/lib/rv32imac/ilp32\libc_nano.a(lib_a-fini.o)
                              build/start.o (__libc_fini_array)
c:/programming/assembler/toolchain-gd32v-v202-win/toolchain-gd32v-v202-win/compiler/bin/../lib/gcc/riscv64-unknown-elf/8.3.0/../../../../riscv64-unknown-elf/lib/rv32imac/ilp32\libc_nano.a(lib_a-impure.o)
                              c:/programming/assembler/toolchain-gd32v-v202-win/toolchain-gd32v-v202-win/compiler/bin/../lib/gcc/riscv64-unknown-elf/8.3.0/../../../../riscv64-unknown-elf/lib/rv32imac/ilp32\libc_nano.a(lib_a-exit.o) (_global_impure_ptr)
c:/programming/assembler/toolchain-gd32v-v202-win/toolchain-gd32v-v202-win/compiler/bin/../lib/gcc/riscv64-unknown-elf/8.3.0/../../../../riscv64-unknown-elf/lib/rv32imac/ilp32\libc_nano.a(lib_a-init.o)
                              build/start.o (__libc_init_array)
c:/programming/assembler/toolchain-gd32v-v202-win/toolchain-gd32v-v202-win/compiler/bin/../lib/gcc/riscv64-unknown-elf/8.3.0/../../../../riscv64-unknown-elf/lib/rv32imac/ilp32\libc_nano.a(lib_a-memcpy-asm.o)
                              build/gd32vf103_rcu.o (memcpy)
[...]
Memory Configuration

Name             Origin             Length             Attributes
flash            0x0000000008000000 0x0000000000020000 axrl !w
ram              0x0000000020000000 0x0000000000008000 axw !rl
*default*        0x0000000000000000 0xffffffffffffffff

Linker script and memory map

LOAD build/gd32vf103_adc.o
LOAD build/gd32vf103_bkp.o
LOAD build/gd32vf103_can.o
LOAD build/gd32vf103_crc.o
LOAD build/gd32vf103_dac.o
LOAD build/gd32vf103_dbg.o
LOAD build/gd32vf103_dma.o
LOAD build/gd32vf103_eclic.o
LOAD build/gd32vf103_exmc.o
LOAD build/gd32vf103_exti.o
LOAD build/gd32vf103_fmc.o
LOAD build/gd32vf103_fwdgt.o
LOAD build/gd32vf103_gpio.o
LOAD build/gd32vf103_i2c.o
LOAD build/gd32vf103_pmu.o
LOAD build/gd32vf103_rcu.o
LOAD build/gd32vf103_rtc.o
LOAD build/gd32vf103_spi.o
LOAD build/gd32vf103_timer.o
LOAD build/gd32vf103_usart.o
LOAD build/gd32vf103_wwdgt.o
LOAD build/system_gd32vf103.o
LOAD build/_exit.o
LOAD build/close.o
LOAD build/fstat.o
LOAD build/isatty.o
LOAD build/lseek.o
LOAD build/read.o
LOAD build/sbrk.o
LOAD build/write.o
LOAD build/write_hex.o
LOAD build/n200_func.o
LOAD build/handlers.o
LOAD build/init.o
LOAD build/lcd.o
LOAD build/main.o
LOAD build/start.o
LOAD build/entry.o
LOAD build/drivers.o
LOAD c:/programming/assembler/toolchain-gd32v-v202-win/toolchain-gd32v-v202-win/compiler/bin/../lib/gcc/riscv64-unknown-elf/8.3.0/rv32imac/ilp32\libgcc.a
LOAD c:/programming/assembler/toolchain-gd32v-v202-win/toolchain-gd32v-v202-win/compiler/bin/../lib/gcc/riscv64-unknown-elf/8.3.0/../../../../riscv64-unknown-elf/lib/rv32imac/ilp32\libc_nano.a
LOAD c:/programming/assembler/toolchain-gd32v-v202-win/toolchain-gd32v-v202-win/compiler/bin/../lib/gcc/riscv64-unknown-elf/8.3.0/rv32imac/ilp32\libgcc.a
START GROUP
LOAD c:/programming/assembler/toolchain-gd32v-v202-win/toolchain-gd32v-v202-win/compiler/bin/../lib/gcc/riscv64-unknown-elf/8.3.0/rv32imac/ilp32\libgcc.a
LOAD c:/programming/assembler/toolchain-gd32v-v202-win/toolchain-gd32v-v202-win/compiler/bin/../lib/gcc/riscv64-unknown-elf/8.3.0/../../../../riscv64-unknown-elf/lib/rv32imac/ilp32\libc_nano.a
LOAD c:/programming/assembler/toolchain-gd32v-v202-win/toolchain-gd32v-v202-win/compiler/bin/../lib/gcc/riscv64-unknown-elf/8.3.0/../../../../riscv64-unknown-elf/lib/rv32imac/ilp32\libgloss_nano.a
END GROUP
                0x0000000000001000                __stack_size = DEFINED (__stack_size)?__stack_size:0x1000
                0x0000000000000000                __dbg_stack_size = DEFINED (__dbg_stack_size)?__dbg_stack_size:0x0

.init           0x0000000008000000      0x254
 *(SORT_NONE(.init))
 .init          0x0000000008000000      0x254 build/start.o
                0x000000000800015c                _start
                0x0000000008000246                disable_mcycle_minstret
                0x000000000800024c                enable_mcycle_minstret

.ilalign        0x0000000008000254        0x0
                0x0000000008000254                . = ALIGN (0x4)
                [!provide]                        PROVIDE (_ilm_lma = .)

.ialign         0x0000000008000254        0x0
                [!provide]                        PROVIDE (_ilm = .)

.text           0x0000000008000280     0x2a00
 *(.rodata .rodata.*)
 .rodata._exit.str1.4
                0x0000000008000280       0x1f build/_exit.o
                                         0x23 (size before relaxing)
 *fill*         0x000000000800029f        0x1 
 .rodata.write_hex.str1.4
                0x00000000080002a0        0x3 build/write_hex.o
 *fill*         0x00000000080002a3        0x1 
 .rodata.handle_nmi.str1.4
                0x00000000080002a4        0x5 build/handlers.o
 *fill*         0x00000000080002a9        0x3 
 .rodata.handle_trap.str1.4
                0x00000000080002ac        0x6 build/handlers.o
 *fill*         0x00000000080002b2        0x2 
 .rodata.asc2_1608
                0x00000000080002b4      0x630 build/lcd.o
                0x00000000080002b4                asc2_1608
 *fill*         0x00000000080008e4        0x4 
 .rodata.lcd_delay_1ms.cst8
                0x00000000080008e8        0x8 build/lcd.o
 .rodata        0x00000000080008f0       0x40 build/main.o
 .rodata.main.str1.4
                0x0000000008000930       0x10 build/main.o
                                          0xd (size before relaxing)
 .rodata        0x0000000008000940       0x3c c:/programming/assembler/toolchain-gd32v-v202-win/toolchain-gd32v-v202-win/compiler/bin/../lib/gcc/riscv64-unknown-elf/8.3.0/rv32imac/ilp32\libgcc.a(divdf3.o)
 .rodata        0x000000000800097c       0x3c c:/programming/assembler/toolchain-gd32v-v202-win/toolchain-gd32v-v202-win/compiler/bin/../lib/gcc/riscv64-unknown-elf/8.3.0/rv32imac/ilp32\libgcc.a(muldf3.o)
 .rodata        0x00000000080009b8      0x100 c:/programming/assembler/toolchain-gd32v-v202-win/toolchain-gd32v-v202-win/compiler/bin/../lib/gcc/riscv64-unknown-elf/8.3.0/rv32imac/ilp32\libgcc.a(_clz.o)
                0x00000000080009b8                __clz_tab
 *(.text.unlikely .text.unlikely.*)
 *(.text.startup .text.startup.*)
 .text.startup.main
                0x0000000008000ab8      0x102 build/main.o
                0x0000000008000ab8                main
 *(.text .text.*)
 .text.gpio_init
                0x0000000008000bba       0xa4 build/gd32vf103_gpio.o
                0x0000000008000bba                gpio_init
 .text.gpio_bit_set
                0x0000000008000c5e        0x4 build/gd32vf103_gpio.o
                0x0000000008000c5e                gpio_bit_set
 .text.gpio_bit_reset
                0x0000000008000c62        0x4 build/gd32vf103_gpio.o
                0x0000000008000c62                gpio_bit_reset
 .text.rcu_periph_clock_enable
                0x0000000008000c66       0x18 build/gd32vf103_rcu.o
                0x0000000008000c66                rcu_periph_clock_enable
 .text.spi_struct_para_init
                0x0000000008000c7e       0x1a build/gd32vf103_spi.o
                0x0000000008000c7e                spi_struct_para_init
 .text.spi_init
                0x0000000008000c98       0x36 build/gd32vf103_spi.o
                0x0000000008000c98                spi_init
 .text.spi_enable
                0x0000000008000cce        0xa build/gd32vf103_spi.o
                0x0000000008000cce                spi_enable
 .text.spi_i2s_data_transmit
                0x0000000008000cd8        0x4 build/gd32vf103_spi.o
                0x0000000008000cd8                spi_i2s_data_transmit
 .text.spi_crc_polynomial_set
                0x0000000008000cdc        0xc build/gd32vf103_spi.o
                0x0000000008000cdc                spi_crc_polynomial_set
 .text.spi_i2s_flag_get
                0x0000000008000ce8        0xa build/gd32vf103_spi.o
                0x0000000008000ce8                spi_i2s_flag_get
 .text.SystemInit
                0x0000000008000cf2      0x11c build/system_gd32vf103.o
                0x0000000008000cf2                SystemInit
 .text._exit    0x0000000008000e0e       0x4c build/_exit.o
                0x0000000008000e0e                _exit
 .text.write_hex
                0x0000000008000e5a       0x7c build/write_hex.o
                0x0000000008000e5a                write_hex
 .text.get_timer_value
                0x0000000008000ed6       0x10 build/n200_func.o
                0x0000000008000ed6                get_timer_value
 .text.eclic_init
                0x0000000008000ee6       0x22 build/n200_func.o
                0x0000000008000ee6                eclic_init
 .text.eclic_mode_enable
                0x0000000008000f08       0x12 build/n200_func.o
                0x0000000008000f08                eclic_mode_enable
 .text.handle_nmi
                0x0000000008000f1a       0x22 build/handlers.o
                0x0000000008000f1a                handle_nmi
 .text.handle_trap
                0x0000000008000f3c       0x38 build/handlers.o
                0x0000000008000f3c                handle_trap
 .text._init    0x0000000008000f74       0x2c build/init.o
                0x0000000008000f74                _init
 .text._fini    0x0000000008000fa0        0x2 build/init.o
                0x0000000008000fa0                _fini
 .text.lcd_delay_1ms
                0x0000000008000fa2       0xce build/lcd.o
                0x0000000008000fa2                lcd_delay_1ms
 .text.LCD_WR_Queue
                0x0000000008001070       0xc2 build/lcd.o
                0x0000000008001070                LCD_WR_Queue
 .text.LCD_Wait_On_Queue
                0x0000000008001132       0x30 build/lcd.o
                0x0000000008001132                LCD_Wait_On_Queue
 .text.LCD_Write_Bus
                0x0000000008001162       0x58 build/lcd.o
                0x0000000008001162                LCD_Write_Bus
 .text.LCD_WR_DATA
                0x00000000080011ba       0x2c build/lcd.o
                0x00000000080011ba                LCD_WR_DATA
 .text.LCD_Address_Set
                0x00000000080011e6       0x82 build/lcd.o
                0x00000000080011e6                LCD_Address_Set
 .text.spi_config
                0x0000000008001268       0x6c build/lcd.o
                0x0000000008001268                spi_config
 .text.Lcd_SetType
                0x00000000080012d4       0x26 build/lcd.o
                0x00000000080012d4                Lcd_SetType
 .text.Lcd_Init
                0x00000000080012fa      0x464 build/lcd.o
                0x00000000080012fa                Lcd_Init
 .text.LCD_Clear
                0x000000000800175e       0x46 build/lcd.o
                0x000000000800175e                LCD_Clear
 .text.LCD_DrawPoint
                0x00000000080017a4       0x24 build/lcd.o
                0x00000000080017a4                LCD_DrawPoint
 .text.LCD_ShowChar
                0x00000000080017c8       0xde build/lcd.o
                0x00000000080017c8                LCD_ShowChar
 .text.LCD_ShowStr
                0x00000000080018a6       0x60 build/lcd.o
                0x00000000080018a6                LCD_ShowStr
 *fill*         0x0000000008001906       0x3a 
 .text.trap     0x0000000008001940       0x82 build/entry.o
                0x0000000008001940                trap_entry
 *fill*         0x00000000080019c2        0x2 
 .text.irq      0x00000000080019c4       0x72 build/entry.o
                0x00000000080019c4                irq_entry
 .text          0x0000000008001a36      0x2e4 build/drivers.o
                0x0000000008001aa8                t5omsi
                0x0000000008001ada                t5expq
                0x0000000008001aea                colinit
                0x0000000008001b2a                colset
                0x0000000008001b62                l88init
                0x0000000008001b94                l88row
                0x0000000008001bca                l88mem
                0x0000000008001bde                keyinit
                0x0000000008001c10                keyscan
 .text          0x0000000008001d1a      0x546 c:/programming/assembler/toolchain-gd32v-v202-win/toolchain-gd32v-v202-win/compiler/bin/../lib/gcc/riscv64-unknown-elf/8.3.0/rv32imac/ilp32\libgcc.a(divdf3.o)
                0x0000000008001d1a                __divdf3
 .text          0x0000000008002260       0xa4 c:/programming/assembler/toolchain-gd32v-v202-win/toolchain-gd32v-v202-win/compiler/bin/../lib/gcc/riscv64-unknown-elf/8.3.0/rv32imac/ilp32\libgcc.a(ledf2.o)
                0x0000000008002260                __ledf2
                0x0000000008002260                __ltdf2
 .text          0x0000000008002304      0x44c c:/programming/assembler/toolchain-gd32v-v202-win/toolchain-gd32v-v202-win/compiler/bin/../lib/gcc/riscv64-unknown-elf/8.3.0/rv32imac/ilp32\libgcc.a(muldf3.o)
                0x0000000008002304                __muldf3
 .text          0x0000000008002750       0x56 c:/programming/assembler/toolchain-gd32v-v202-win/toolchain-gd32v-v202-win/compiler/bin/../lib/gcc/riscv64-unknown-elf/8.3.0/rv32imac/ilp32\libgcc.a(floatunsidf.o)
                0x0000000008002750                __floatunsidf
 .text          0x00000000080027a6      0x166 c:/programming/assembler/toolchain-gd32v-v202-win/toolchain-gd32v-v202-win/compiler/bin/../lib/gcc/riscv64-unknown-elf/8.3.0/rv32imac/ilp32\libgcc.a(floatundidf.o)
                0x00000000080027a6                __floatundidf
 .text          0x000000000800290c       0x2a c:/programming/assembler/toolchain-gd32v-v202-win/toolchain-gd32v-v202-win/compiler/bin/../lib/gcc/riscv64-unknown-elf/8.3.0/rv32imac/ilp32\libgcc.a(_lshrdi3.o)
                0x000000000800290c                __lshrdi3
 .text          0x0000000008002936       0x2a c:/programming/assembler/toolchain-gd32v-v202-win/toolchain-gd32v-v202-win/compiler/bin/../lib/gcc/riscv64-unknown-elf/8.3.0/rv32imac/ilp32\libgcc.a(_ashldi3.o)
                0x0000000008002936                __ashldi3
 .text          0x0000000008002960       0x3c c:/programming/assembler/toolchain-gd32v-v202-win/toolchain-gd32v-v202-win/compiler/bin/../lib/gcc/riscv64-unknown-elf/8.3.0/rv32imac/ilp32\libgcc.a(_clzsi2.o)
                0x0000000008002960                __clzsi2
 .text.atexit   0x000000000800299c       0x10 c:/programming/assembler/toolchain-gd32v-v202-win/toolchain-gd32v-v202-win/compiler/bin/../lib/gcc/riscv64-unknown-elf/8.3.0/../../../../riscv64-unknown-elf/lib/rv32imac/ilp32\libc_nano.a(lib_a-atexit.o)
                0x000000000800299c                atexit
 .text.exit     0x00000000080029ac       0x36 c:/programming/assembler/toolchain-gd32v-v202-win/toolchain-gd32v-v202-win/compiler/bin/../lib/gcc/riscv64-unknown-elf/8.3.0/../../../../riscv64-unknown-elf/lib/rv32imac/ilp32\libc_nano.a(lib_a-exit.o)
                0x00000000080029ac                exit
 .text.__libc_fini_array
                0x00000000080029e2       0x38 c:/programming/assembler/toolchain-gd32v-v202-win/toolchain-gd32v-v202-win/compiler/bin/../lib/gcc/riscv64-unknown-elf/8.3.0/../../../../riscv64-unknown-elf/lib/rv32imac/ilp32\libc_nano.a(lib_a-fini.o)
                0x00000000080029e2                __libc_fini_array
 .text.__libc_init_array
                0x0000000008002a1a       0x6a c:/programming/assembler/toolchain-gd32v-v202-win/toolchain-gd32v-v202-win/compiler/bin/../lib/gcc/riscv64-unknown-elf/8.3.0/../../../../riscv64-unknown-elf/lib/rv32imac/ilp32\libc_nano.a(lib_a-init.o)
                0x0000000008002a1a                __libc_init_array
 .text          0x0000000008002a84       0x16 c:/programming/assembler/toolchain-gd32v-v202-win/toolchain-gd32v-v202-win/compiler/bin/../lib/gcc/riscv64-unknown-elf/8.3.0/../../../../riscv64-unknown-elf/lib/rv32imac/ilp32\libc_nano.a(lib_a-memcpy-asm.o)
                0x0000000008002a84                memcpy
 .text.write    0x0000000008002a9a       0x18 c:/programming/assembler/toolchain-gd32v-v202-win/toolchain-gd32v-v202-win/compiler/bin/../lib/gcc/riscv64-unknown-elf/8.3.0/../../../../riscv64-unknown-elf/lib/rv32imac/ilp32\libc_nano.a(lib_a-syswrite.o)
                0x0000000008002a9a                write
 .text._write_r
                0x0000000008002ab2       0x3a c:/programming/assembler/toolchain-gd32v-v202-win/toolchain-gd32v-v202-win/compiler/bin/../lib/gcc/riscv64-unknown-elf/8.3.0/../../../../riscv64-unknown-elf/lib/rv32imac/ilp32\libc_nano.a(lib_a-writer.o)
                0x0000000008002ab2                _write_r
 .text.__register_exitproc
                0x0000000008002aec       0x8c c:/programming/assembler/toolchain-gd32v-v202-win/toolchain-gd32v-v202-win/compiler/bin/../lib/gcc/riscv64-unknown-elf/8.3.0/../../../../riscv64-unknown-elf/lib/rv32imac/ilp32\libc_nano.a(lib_a-__atexit.o)
                0x0000000008002aec                __register_exitproc
 .text.__call_exitprocs
                0x0000000008002b78       0xc8 c:/programming/assembler/toolchain-gd32v-v202-win/toolchain-gd32v-v202-win/compiler/bin/../lib/gcc/riscv64-unknown-elf/8.3.0/../../../../riscv64-unknown-elf/lib/rv32imac/ilp32\libc_nano.a(lib_a-__call_atexit.o)
                0x0000000008002b78                __call_exitprocs
 .text._write   0x0000000008002c40       0x34 c:/programming/assembler/toolchain-gd32v-v202-win/toolchain-gd32v-v202-win/compiler/bin/../lib/gcc/riscv64-unknown-elf/8.3.0/../../../../riscv64-unknown-elf/lib/rv32imac/ilp32\libgloss_nano.a(sys_write.o)
                0x0000000008002c40                _write
 .text.__errno  0x0000000008002c74        0xc c:/programming/assembler/toolchain-gd32v-v202-win/toolchain-gd32v-v202-win/compiler/bin/../lib/gcc/riscv64-unknown-elf/8.3.0/../../../../riscv64-unknown-elf/lib/rv32imac/ilp32\libc_nano.a(lib_a-errno.o)
                0x0000000008002c74                __errno
 *(.gnu.linkonce.t.*)

.sdata2._global_impure_ptr
                0x0000000008002c80        0x4
 .sdata2._global_impure_ptr
                0x0000000008002c80        0x4 c:/programming/assembler/toolchain-gd32v-v202-win/toolchain-gd32v-v202-win/compiler/bin/../lib/gcc/riscv64-unknown-elf/8.3.0/../../../../riscv64-unknown-elf/lib/rv32imac/ilp32\libc_nano.a(lib_a-impure.o)
                0x0000000008002c80                _global_impure_ptr

.rela.dyn       0x0000000008002c84        0x0
 .rela.text.handle_trap
                0x0000000008002c84        0x0 build/gd32vf103_gpio.o
 .rela.text.LCD_ShowChar
                0x0000000008002c84        0x0 build/gd32vf103_gpio.o
 .rela.init     0x0000000008002c84        0x0 build/gd32vf103_gpio.o
 .rela.text.trap
                0x0000000008002c84        0x0 build/gd32vf103_gpio.o
 .rela.text.__libc_fini_array
                0x0000000008002c84        0x0 build/gd32vf103_gpio.o
 .rela.data.impure_data
                0x0000000008002c84        0x0 build/gd32vf103_gpio.o
 .rela.text.__libc_init_array
                0x0000000008002c84        0x0 build/gd32vf103_gpio.o
 .rela.text._write_r
                0x0000000008002c84        0x0 build/gd32vf103_gpio.o
 .rela.text.__register_exitproc
                0x0000000008002c84        0x0 build/gd32vf103_gpio.o

.fini
 *(SORT_NONE(.fini))
                0x0000000008002c84                . = ALIGN (0x4)
                [!provide]                        PROVIDE (__etext = .)
                [!provide]                        PROVIDE (_etext = .)
                [!provide]                        PROVIDE (etext = .)
                [!provide]                        PROVIDE (_eilm = .)

.preinit_array  0x0000000008002c84        0x0
                0x0000000008002c84                PROVIDE (__preinit_array_start = .)
 *(.preinit_array)
                0x0000000008002c84                PROVIDE (__preinit_array_end = .)

.init_array     0x0000000008002c84        0x0
                0x0000000008002c84                PROVIDE (__init_array_start = .)
 *(SORT_BY_INIT_PRIORITY(.init_array.*) SORT_BY_INIT_PRIORITY(.ctors.*))
 *(.init_array EXCLUDE_FILE(*crtend?.o *crtend.o *crtbegin?.o *crtbegin.o) .ctors)
                0x0000000008002c84                PROVIDE (__init_array_end = .)

.fini_array     0x0000000008002c84        0x0
                0x0000000008002c84                PROVIDE (__fini_array_start = .)
 *(SORT_BY_INIT_PRIORITY(.fini_array.*) SORT_BY_INIT_PRIORITY(.dtors.*))
 *(.fini_array EXCLUDE_FILE(*crtend?.o *crtend.o *crtbegin?.o *crtbegin.o) .dtors)
                0x0000000008002c84                PROVIDE (__fini_array_end = .)

.ctors
 *crtbegin.o(.ctors)
 *crtbegin?.o(.ctors)
 *(EXCLUDE_FILE(*crtend?.o *crtend.o) .ctors)
 *(SORT_BY_NAME(.ctors.*))
 *(.ctors)

.dtors
 *crtbegin.o(.dtors)
 *crtbegin?.o(.dtors)
 *(EXCLUDE_FILE(*crtend?.o *crtend.o) .dtors)
 *(SORT_BY_NAME(.dtors.*))
 *(.dtors)
                0x0000000008002c84                . = ALIGN (0x4)
                [!provide]                        PROVIDE (_eilm = .)

.lalign         0x0000000008002c84        0x0
                0x0000000008002c84                . = ALIGN (0x4)
                0x0000000008002c84                PROVIDE (_data_lma = .)

.dalign         0x0000000020000000        0x0 load address 0x0000000008002c84
                0x0000000020000000                . = ALIGN (0x4)
                0x0000000020000000                PROVIDE (_data = .)

.data           0x0000000020000000       0x88 load address 0x0000000008002c84
 *(.rdata)
 *(.gnu.linkonce.r.*)
 *(.data .data.*)
 .data          0x0000000020000000       0x1f build/drivers.o
 *fill*         0x000000002000001f        0x1 
 .data.impure_data
                0x0000000020000020       0x60 c:/programming/assembler/toolchain-gd32v-v202-win/toolchain-gd32v-v202-win/compiler/bin/../lib/gcc/riscv64-unknown-elf/8.3.0/../../../../riscv64-unknown-elf/lib/rv32imac/ilp32\libc_nano.a(lib_a-impure.o)
 *(.gnu.linkonce.d.*)
                0x0000000020000080                . = ALIGN (0x8)
                0x0000000020000880                PROVIDE (__global_pointer$ = (. + 0x800))
 *(.sdata .sdata.*)
 .sdata.SystemCoreClock
                0x0000000020000080        0x4 build/system_gd32vf103.o
                0x0000000020000080                SystemCoreClock
 .sdata._impure_ptr
                0x0000000020000084        0x4 c:/programming/assembler/toolchain-gd32v-v202-win/toolchain-gd32v-v202-win/compiler/bin/../lib/gcc/riscv64-unknown-elf/8.3.0/../../../../riscv64-unknown-elf/lib/rv32imac/ilp32\libc_nano.a(lib_a-impure.o)
                0x0000000020000084                _impure_ptr
 *(.gnu.linkonce.s.*)
                0x0000000020000088                . = ALIGN (0x8)
 *(.srodata.cst16)
 *(.srodata.cst8)
 *(.srodata.cst4)
 *(.srodata.cst2)
 *(.srodata .srodata.*)
                0x0000000020000088                . = ALIGN (0x4)
                0x0000000020000088                PROVIDE (_edata = .)
                [!provide]                        PROVIDE (edata = .)
                [!provide]                        PROVIDE (_fbss = .)
                0x0000000020000088                PROVIDE (__bss_start = .)

.bss            0x0000000020000088      0x4a4
 *(.sbss*)
 .sbss.lcd_conf
                0x0000000020000088        0x4 build/lcd.o
                0x0000000020000088                lcd_conf
 .sbss.r        0x000000002000008c        0x4 build/lcd.o
                0x000000002000008c                r
 .sbss.w        0x0000000020000090        0x4 build/lcd.o
                0x0000000020000090                w
 .sbss._global_atexit
                0x0000000020000094        0x4 c:/programming/assembler/toolchain-gd32v-v202-win/toolchain-gd32v-v202-win/compiler/bin/../lib/gcc/riscv64-unknown-elf/8.3.0/../../../../riscv64-unknown-elf/lib/rv32imac/ilp32\libc_nano.a(lib_a-__call_atexit.o)
                0x0000000020000094                _global_atexit
 *(.gnu.linkonce.sb.*)
 *(.bss .bss.*)
 .bss.queue     0x0000000020000098      0x400 build/lcd.o
                0x0000000020000098                queue
 .bss._global_atexit0
                0x0000000020000498       0x8c c:/programming/assembler/toolchain-gd32v-v202-win/toolchain-gd32v-v202-win/compiler/bin/../lib/gcc/riscv64-unknown-elf/8.3.0/../../../../riscv64-unknown-elf/lib/rv32imac/ilp32\libc_nano.a(lib_a-__atexit.o)
 *(.gnu.linkonce.b.*)
 *(COMMON)
 COMMON         0x0000000020000524        0x4 build/lcd.o
                0x0000000020000524                BACK_COLOR
 COMMON         0x0000000020000528        0x4 c:/programming/assembler/toolchain-gd32v-v202-win/toolchain-gd32v-v202-win/compiler/bin/../lib/gcc/riscv64-unknown-elf/8.3.0/../../../../riscv64-unknown-elf/lib/rv32imac/ilp32\libc_nano.a(lib_a-reent.o)
                0x0000000020000528                errno
                0x000000002000052c                . = ALIGN (0x4)
                0x0000000020000530                . = ALIGN (0x8)
                0x0000000020000530                PROVIDE (_end = .)
                [!provide]                        PROVIDE (end = .)

.stack          0x0000000020007000     0x1000 load address 0x000000002000052c
                0x0000000020007000                PROVIDE (_heap_end = .)
                0x0000000000001000                . = __stack_size
 *fill*         0x0000000020007000     0x1000 
                0x0000000020008000                PROVIDE (_sp = .)
                0x0000000000001000                . = (__dbg_stack_size + __stack_size)
                [!provide]                        PROVIDE (_dbg_sp = .)
OUTPUT(build/gd32vf103.elf elf32-littleriscv)

.debug_info     0x0000000000000000     0xdb2a
 .debug_info    0x0000000000000000      0x6f6 build/gd32vf103_gpio.o
 .debug_info    0x00000000000006f6      0xf51 build/gd32vf103_rcu.o
 .debug_info    0x0000000000001647      0xa73 build/gd32vf103_spi.o
 .debug_info    0x00000000000020ba      0x203 build/system_gd32vf103.o
 .debug_info    0x00000000000022bd      0x1d3 build/_exit.o
 .debug_info    0x0000000000002490      0x1bb build/write_hex.o
 .debug_info    0x000000000000264b     0x18a2 build/n200_func.o
 .debug_info    0x0000000000003eed      0xb4f build/handlers.o
 .debug_info    0x0000000000004a3c      0xcb0 build/init.o
 .debug_info    0x00000000000056ec     0x2fa5 build/lcd.o
 .debug_info    0x0000000000008691      0xd49 build/main.o
 .debug_info    0x00000000000093da       0x26 build/start.o
 .debug_info    0x0000000000009400       0x22 build/entry.o
 .debug_info    0x0000000000009422       0x26 build/drivers.o
 .debug_info    0x0000000000009448      0x734 c:/programming/assembler/toolchain-gd32v-v202-win/toolchain-gd32v-v202-win/compiler/bin/../lib/gcc/riscv64-unknown-elf/8.3.0/rv32imac/ilp32\libgcc.a(divdf3.o)
 .debug_info    0x0000000000009b7c      0x286 c:/programming/assembler/toolchain-gd32v-v202-win/toolchain-gd32v-v202-win/compiler/bin/../lib/gcc/riscv64-unknown-elf/8.3.0/rv32imac/ilp32\libgcc.a(ledf2.o)
 .debug_info    0x0000000000009e02      0x76c c:/programming/assembler/toolchain-gd32v-v202-win/toolchain-gd32v-v202-win/compiler/bin/../lib/gcc/riscv64-unknown-elf/8.3.0/rv32imac/ilp32\libgcc.a(muldf3.o)
 .debug_info    0x000000000000a56e      0x2af c:/programming/assembler/toolchain-gd32v-v202-win/toolchain-gd32v-v202-win/compiler/bin/../lib/gcc/riscv64-unknown-elf/8.3.0/rv32imac/ilp32\libgcc.a(floatunsidf.o)
 .debug_info    0x000000000000a81d      0x2e8 c:/programming/assembler/toolchain-gd32v-v202-win/toolchain-gd32v-v202-win/compiler/bin/../lib/gcc/riscv64-unknown-elf/8.3.0/rv32imac/ilp32\libgcc.a(floatundidf.o)
 .debug_info    0x000000000000ab05      0xc72 c:/programming/assembler/toolchain-gd32v-v202-win/toolchain-gd32v-v202-win/compiler/bin/../lib/gcc/riscv64-unknown-elf/8.3.0/rv32imac/ilp32\libgcc.a(_lshrdi3.o)
 .debug_info    0x000000000000b777      0xc72 c:/programming/assembler/toolchain-gd32v-v202-win/toolchain-gd32v-v202-win/compiler/bin/../lib/gcc/riscv64-unknown-elf/8.3.0/rv32imac/ilp32\libgcc.a(_ashldi3.o)
 .debug_info    0x000000000000c3e9      0xbd7 c:/programming/assembler/toolchain-gd32v-v202-win/toolchain-gd32v-v202-win/compiler/bin/../lib/gcc/riscv64-unknown-elf/8.3.0/rv32imac/ilp32\libgcc.a(_clzsi2.o)
 .debug_info    0x000000000000cfc0      0xb6a c:/programming/assembler/toolchain-gd32v-v202-win/toolchain-gd32v-v202-win/compiler/bin/../lib/gcc/riscv64-unknown-elf/8.3.0/rv32imac/ilp32\libgcc.a(_clz.o)

.debug_abbrev   0x0000000000000000     0x2b8d
 .debug_abbrev  0x0000000000000000      0x228 build/gd32vf103_gpio.o
 .debug_abbrev  0x0000000000000228      0x259 build/gd32vf103_rcu.o
 .debug_abbrev  0x0000000000000481      0x21a build/gd32vf103_spi.o
 .debug_abbrev  0x000000000000069b       0xe0 build/system_gd32vf103.o
 .debug_abbrev  0x000000000000077b       0xec build/_exit.o
 .debug_abbrev  0x0000000000000867       0xfa build/write_hex.o
 .debug_abbrev  0x0000000000000961      0x4db build/n200_func.o
 .debug_abbrev  0x0000000000000e3c      0x234 build/handlers.o
 .debug_abbrev  0x0000000000001070      0x22b build/init.o
 .debug_abbrev  0x000000000000129b      0x55b build/lcd.o
 .debug_abbrev  0x00000000000017f6      0x27b build/main.o
 .debug_abbrev  0x0000000000001a71       0x14 build/start.o
 .debug_abbrev  0x0000000000001a85       0x12 build/entry.o
 .debug_abbrev  0x0000000000001a97       0x14 build/drivers.o
 .debug_abbrev  0x0000000000001aab      0x187 c:/programming/assembler/toolchain-gd32v-v202-win/toolchain-gd32v-v202-win/compiler/bin/../lib/gcc/riscv64-unknown-elf/8.3.0/rv32imac/ilp32\libgcc.a(divdf3.o)
 .debug_abbrev  0x0000000000001c32      0x199 c:/programming/assembler/toolchain-gd32v-v202-win/toolchain-gd32v-v202-win/compiler/bin/../lib/gcc/riscv64-unknown-elf/8.3.0/rv32imac/ilp32\libgcc.a(ledf2.o)
 .debug_abbrev  0x0000000000001dcb      0x197 c:/programming/assembler/toolchain-gd32v-v202-win/toolchain-gd32v-v202-win/compiler/bin/../lib/gcc/riscv64-unknown-elf/8.3.0/rv32imac/ilp32\libgcc.a(muldf3.o)
 .debug_abbrev  0x0000000000001f62      0x178 c:/programming/assembler/toolchain-gd32v-v202-win/toolchain-gd32v-v202-win/compiler/bin/../lib/gcc/riscv64-unknown-elf/8.3.0/rv32imac/ilp32\libgcc.a(floatunsidf.o)
 .debug_abbrev  0x00000000000020da      0x19f c:/programming/assembler/toolchain-gd32v-v202-win/toolchain-gd32v-v202-win/compiler/bin/../lib/gcc/riscv64-unknown-elf/8.3.0/rv32imac/ilp32\libgcc.a(floatundidf.o)
 .debug_abbrev  0x0000000000002279      0x275 c:/programming/assembler/toolchain-gd32v-v202-win/toolchain-gd32v-v202-win/compiler/bin/../lib/gcc/riscv64-unknown-elf/8.3.0/rv32imac/ilp32\libgcc.a(_lshrdi3.o)
 .debug_abbrev  0x00000000000024ee      0x275 c:/programming/assembler/toolchain-gd32v-v202-win/toolchain-gd32v-v202-win/compiler/bin/../lib/gcc/riscv64-unknown-elf/8.3.0/rv32imac/ilp32\libgcc.a(_ashldi3.o)
 .debug_abbrev  0x0000000000002763      0x242 c:/programming/assembler/toolchain-gd32v-v202-win/toolchain-gd32v-v202-win/compiler/bin/../lib/gcc/riscv64-unknown-elf/8.3.0/rv32imac/ilp32\libgcc.a(_clzsi2.o)
 .debug_abbrev  0x00000000000029a5      0x1e8 c:/programming/assembler/toolchain-gd32v-v202-win/toolchain-gd32v-v202-win/compiler/bin/../lib/gcc/riscv64-unknown-elf/8.3.0/rv32imac/ilp32\libgcc.a(_clz.o)

.debug_loc      0x0000000000000000     0x6ac5
 .debug_loc     0x0000000000000000      0x4ba build/gd32vf103_gpio.o
 .debug_loc     0x00000000000004ba      0xcf4 build/gd32vf103_rcu.o
 .debug_loc     0x00000000000011ae      0x54e build/gd32vf103_spi.o
 .debug_loc     0x00000000000016fc      0x173 build/system_gd32vf103.o
 .debug_loc     0x000000000000186f       0x3e build/_exit.o
 .debug_loc     0x00000000000018ad      0x101 build/write_hex.o
 .debug_loc     0x00000000000019ae      0xa1d build/n200_func.o
 .debug_loc     0x00000000000023cb       0x7f build/handlers.o
 .debug_loc     0x000000000000244a       0x2c build/init.o
 .debug_loc     0x0000000000002476     0x1ec3 build/lcd.o
 .debug_loc     0x0000000000004339       0x7e build/main.o
 .debug_loc     0x00000000000043b7     0x129b c:/programming/assembler/toolchain-gd32v-v202-win/toolchain-gd32v-v202-win/compiler/bin/../lib/gcc/riscv64-unknown-elf/8.3.0/rv32imac/ilp32\libgcc.a(divdf3.o)
 .debug_loc     0x0000000000005652      0x156 c:/programming/assembler/toolchain-gd32v-v202-win/toolchain-gd32v-v202-win/compiler/bin/../lib/gcc/riscv64-unknown-elf/8.3.0/rv32imac/ilp32\libgcc.a(ledf2.o)
 .debug_loc     0x00000000000057a8      0xd6e c:/programming/assembler/toolchain-gd32v-v202-win/toolchain-gd32v-v202-win/compiler/bin/../lib/gcc/riscv64-unknown-elf/8.3.0/rv32imac/ilp32\libgcc.a(muldf3.o)
 .debug_loc     0x0000000000006516      0x15c c:/programming/assembler/toolchain-gd32v-v202-win/toolchain-gd32v-v202-win/compiler/bin/../lib/gcc/riscv64-unknown-elf/8.3.0/rv32imac/ilp32\libgcc.a(floatunsidf.o)
 .debug_loc     0x0000000000006672      0x2ec c:/programming/assembler/toolchain-gd32v-v202-win/toolchain-gd32v-v202-win/compiler/bin/../lib/gcc/riscv64-unknown-elf/8.3.0/rv32imac/ilp32\libgcc.a(floatundidf.o)
 .debug_loc     0x000000000000695e       0x7e c:/programming/assembler/toolchain-gd32v-v202-win/toolchain-gd32v-v202-win/compiler/bin/../lib/gcc/riscv64-unknown-elf/8.3.0/rv32imac/ilp32\libgcc.a(_lshrdi3.o)
 .debug_loc     0x00000000000069dc       0x7e c:/programming/assembler/toolchain-gd32v-v202-win/toolchain-gd32v-v202-win/compiler/bin/../lib/gcc/riscv64-unknown-elf/8.3.0/rv32imac/ilp32\libgcc.a(_ashldi3.o)
 .debug_loc     0x0000000000006a5a       0x6b c:/programming/assembler/toolchain-gd32v-v202-win/toolchain-gd32v-v202-win/compiler/bin/../lib/gcc/riscv64-unknown-elf/8.3.0/rv32imac/ilp32\libgcc.a(_clzsi2.o)

.debug_aranges  0x0000000000000000      0x7b0
 .debug_aranges
                0x0000000000000000       0xa0 build/gd32vf103_gpio.o
 .debug_aranges
                0x00000000000000a0      0x160 build/gd32vf103_rcu.o
 .debug_aranges
                0x0000000000000200      0x128 build/gd32vf103_spi.o
 .debug_aranges
                0x0000000000000328       0x28 build/system_gd32vf103.o
 .debug_aranges
                0x0000000000000350       0x20 build/_exit.o
 .debug_aranges
                0x0000000000000370       0x20 build/write_hex.o
 .debug_aranges
                0x0000000000000390      0x140 build/n200_func.o
 .debug_aranges
                0x00000000000004d0       0x28 build/handlers.o
 .debug_aranges
                0x00000000000004f8       0x28 build/init.o
 .debug_aranges
                0x0000000000000520       0xf0 build/lcd.o
 .debug_aranges
                0x0000000000000610       0x20 build/main.o
 .debug_aranges
                0x0000000000000630       0x20 build/start.o
 .debug_aranges
                0x0000000000000650       0x28 build/entry.o
 .debug_aranges
                0x0000000000000678       0x20 build/drivers.o
 .debug_aranges
                0x0000000000000698       0x20 c:/programming/assembler/toolchain-gd32v-v202-win/toolchain-gd32v-v202-win/compiler/bin/../lib/gcc/riscv64-unknown-elf/8.3.0/rv32imac/ilp32\libgcc.a(divdf3.o)
 .debug_aranges
                0x00000000000006b8       0x20 c:/programming/assembler/toolchain-gd32v-v202-win/toolchain-gd32v-v202-win/compiler/bin/../lib/gcc/riscv64-unknown-elf/8.3.0/rv32imac/ilp32\libgcc.a(ledf2.o)
 .debug_aranges
                0x00000000000006d8       0x20 c:/programming/assembler/toolchain-gd32v-v202-win/toolchain-gd32v-v202-win/compiler/bin/../lib/gcc/riscv64-unknown-elf/8.3.0/rv32imac/ilp32\libgcc.a(muldf3.o)
 .debug_aranges
                0x00000000000006f8       0x20 c:/programming/assembler/toolchain-gd32v-v202-win/toolchain-gd32v-v202-win/compiler/bin/../lib/gcc/riscv64-unknown-elf/8.3.0/rv32imac/ilp32\libgcc.a(floatunsidf.o)
 .debug_aranges
                0x0000000000000718       0x20 c:/programming/assembler/toolchain-gd32v-v202-win/toolchain-gd32v-v202-win/compiler/bin/../lib/gcc/riscv64-unknown-elf/8.3.0/rv32imac/ilp32\libgcc.a(floatundidf.o)
 .debug_aranges
                0x0000000000000738       0x20 c:/programming/assembler/toolchain-gd32v-v202-win/toolchain-gd32v-v202-win/compiler/bin/../lib/gcc/riscv64-unknown-elf/8.3.0/rv32imac/ilp32\libgcc.a(_lshrdi3.o)
 .debug_aranges
                0x0000000000000758       0x20 c:/programming/assembler/toolchain-gd32v-v202-win/toolchain-gd32v-v202-win/compiler/bin/../lib/gcc/riscv64-unknown-elf/8.3.0/rv32imac/ilp32\libgcc.a(_ashldi3.o)
 .debug_aranges
                0x0000000000000778       0x20 c:/programming/assembler/toolchain-gd32v-v202-win/toolchain-gd32v-v202-win/compiler/bin/../lib/gcc/riscv64-unknown-elf/8.3.0/rv32imac/ilp32\libgcc.a(_clzsi2.o)
 .debug_aranges
                0x0000000000000798       0x18 c:/programming/assembler/toolchain-gd32v-v202-win/toolchain-gd32v-v202-win/compiler/bin/../lib/gcc/riscv64-unknown-elf/8.3.0/rv32imac/ilp32\libgcc.a(_clz.o)

.debug_ranges   0x0000000000000000      0xc50
 .debug_ranges  0x0000000000000000       0x90 build/gd32vf103_gpio.o
 .debug_ranges  0x0000000000000090      0x150 build/gd32vf103_rcu.o
 .debug_ranges  0x00000000000001e0      0x118 build/gd32vf103_spi.o
 .debug_ranges  0x00000000000002f8       0x18 build/system_gd32vf103.o
 .debug_ranges  0x0000000000000310       0x10 build/_exit.o
 .debug_ranges  0x0000000000000320       0x30 build/write_hex.o
 .debug_ranges  0x0000000000000350      0x240 build/n200_func.o
 .debug_ranges  0x0000000000000590       0x18 build/handlers.o
 .debug_ranges  0x00000000000005a8       0x18 build/init.o
 .debug_ranges  0x00000000000005c0      0x1c8 build/lcd.o
 .debug_ranges  0x0000000000000788       0x10 build/main.o
 .debug_ranges  0x0000000000000798       0x20 build/entry.o
 .debug_ranges  0x00000000000007b8      0x180 c:/programming/assembler/toolchain-gd32v-v202-win/toolchain-gd32v-v202-win/compiler/bin/../lib/gcc/riscv64-unknown-elf/8.3.0/rv32imac/ilp32\libgcc.a(divdf3.o)
 .debug_ranges  0x0000000000000938       0x68 c:/programming/assembler/toolchain-gd32v-v202-win/toolchain-gd32v-v202-win/compiler/bin/../lib/gcc/riscv64-unknown-elf/8.3.0/rv32imac/ilp32\libgcc.a(ledf2.o)
 .debug_ranges  0x00000000000009a0      0x1c0 c:/programming/assembler/toolchain-gd32v-v202-win/toolchain-gd32v-v202-win/compiler/bin/../lib/gcc/riscv64-unknown-elf/8.3.0/rv32imac/ilp32\libgcc.a(muldf3.o)
 .debug_ranges  0x0000000000000b60       0x68 c:/programming/assembler/toolchain-gd32v-v202-win/toolchain-gd32v-v202-win/compiler/bin/../lib/gcc/riscv64-unknown-elf/8.3.0/rv32imac/ilp32\libgcc.a(floatunsidf.o)
 .debug_ranges  0x0000000000000bc8       0x68 c:/programming/assembler/toolchain-gd32v-v202-win/toolchain-gd32v-v202-win/compiler/bin/../lib/gcc/riscv64-unknown-elf/8.3.0/rv32imac/ilp32\libgcc.a(floatundidf.o)
 .debug_ranges  0x0000000000000c30       0x20 c:/programming/assembler/toolchain-gd32v-v202-win/toolchain-gd32v-v202-win/compiler/bin/../lib/gcc/riscv64-unknown-elf/8.3.0/rv32imac/ilp32\libgcc.a(_clzsi2.o)

.debug_line     0x0000000000000000     0xb236
 .debug_line    0x0000000000000000      0xb52 build/gd32vf103_gpio.o
 .debug_line    0x0000000000000b52     0x1545 build/gd32vf103_rcu.o
 .debug_line    0x0000000000002097      0xe67 build/gd32vf103_spi.o
 .debug_line    0x0000000000002efe      0x6e7 build/system_gd32vf103.o
 .debug_line    0x00000000000035e5      0x161 build/_exit.o
 .debug_line    0x0000000000003746      0x26f build/write_hex.o
 .debug_line    0x00000000000039b5     0x1329 build/n200_func.o
 .debug_line    0x0000000000004cde      0x2b4 build/handlers.o
 .debug_line    0x0000000000004f92      0x2f7 build/init.o
 .debug_line    0x0000000000005289     0x1ecf build/lcd.o
 .debug_line    0x0000000000007158      0x402 build/main.o
 .debug_line    0x000000000000755a      0x189 build/start.o
 .debug_line    0x00000000000076e3       0xe5 build/entry.o
 .debug_line    0x00000000000077c8      0x526 build/drivers.o
 .debug_line    0x0000000000007cee      0xe35 c:/programming/assembler/toolchain-gd32v-v202-win/toolchain-gd32v-v202-win/compiler/bin/../lib/gcc/riscv64-unknown-elf/8.3.0/rv32imac/ilp32\libgcc.a(divdf3.o)
 .debug_line    0x0000000000008b23      0x303 c:/programming/assembler/toolchain-gd32v-v202-win/toolchain-gd32v-v202-win/compiler/bin/../lib/gcc/riscv64-unknown-elf/8.3.0/rv32imac/ilp32\libgcc.a(ledf2.o)
 .debug_line    0x0000000000008e26      0xbf8 c:/programming/assembler/toolchain-gd32v-v202-win/toolchain-gd32v-v202-win/compiler/bin/../lib/gcc/riscv64-unknown-elf/8.3.0/rv32imac/ilp32\libgcc.a(muldf3.o)
 .debug_line    0x0000000000009a1e      0x239 c:/programming/assembler/toolchain-gd32v-v202-win/toolchain-gd32v-v202-win/compiler/bin/../lib/gcc/riscv64-unknown-elf/8.3.0/rv32imac/ilp32\libgcc.a(floatunsidf.o)
 .debug_line    0x0000000000009c57      0x3f5 c:/programming/assembler/toolchain-gd32v-v202-win/toolchain-gd32v-v202-win/compiler/bin/../lib/gcc/riscv64-unknown-elf/8.3.0/rv32imac/ilp32\libgcc.a(floatundidf.o)
 .debug_line    0x000000000000a04c      0x4c4 c:/programming/assembler/toolchain-gd32v-v202-win/toolchain-gd32v-v202-win/compiler/bin/../lib/gcc/riscv64-unknown-elf/8.3.0/rv32imac/ilp32\libgcc.a(_lshrdi3.o)
 .debug_line    0x000000000000a510      0x4c4 c:/programming/assembler/toolchain-gd32v-v202-win/toolchain-gd32v-v202-win/compiler/bin/../lib/gcc/riscv64-unknown-elf/8.3.0/rv32imac/ilp32\libgcc.a(_ashldi3.o)
 .debug_line    0x000000000000a9d4      0x472 c:/programming/assembler/toolchain-gd32v-v202-win/toolchain-gd32v-v202-win/compiler/bin/../lib/gcc/riscv64-unknown-elf/8.3.0/rv32imac/ilp32\libgcc.a(_clzsi2.o)
 .debug_line    0x000000000000ae46      0x3f0 c:/programming/assembler/toolchain-gd32v-v202-win/toolchain-gd32v-v202-win/compiler/bin/../lib/gcc/riscv64-unknown-elf/8.3.0/rv32imac/ilp32\libgcc.a(_clz.o)

.debug_str      0x0000000000000000     0x2cab
 .debug_str     0x0000000000000000      0x555 build/gd32vf103_gpio.o
                                        0x5c5 (size before relaxing)
 .debug_str     0x0000000000000555      0xa92 build/gd32vf103_rcu.o
                                        0xe44 (size before relaxing)
 .debug_str     0x0000000000000fe7      0x3ae build/gd32vf103_spi.o
                                        0x791 (size before relaxing)
 .debug_str     0x0000000000001395       0xa6 build/system_gd32vf103.o
                                        0x297 (size before relaxing)
 .debug_str     0x000000000000143b       0x68 build/_exit.o
                                        0x206 (size before relaxing)
 .debug_str     0x00000000000014a3       0x37 build/write_hex.o
                                        0x1ff (size before relaxing)
 .debug_str     0x00000000000014da      0x746 build/n200_func.o
                                        0x9a3 (size before relaxing)
 .debug_str     0x0000000000001c20       0x58 build/handlers.o
                                        0x5fc (size before relaxing)
 .debug_str     0x0000000000001c78      0x3e7 build/init.o
                                        0x9cc (size before relaxing)
 .debug_str     0x000000000000205f      0x254 build/lcd.o
                                        0xad3 (size before relaxing)
 .debug_str     0x00000000000022b3       0x7c build/main.o
                                        0x679 (size before relaxing)
 .debug_str     0x000000000000232f       0x37 build/start.o
                                         0x93 (size before relaxing)
 .debug_str     0x0000000000002366       0x2b build/entry.o
                                         0x93 (size before relaxing)
 .debug_str     0x0000000000002391        0xa build/drivers.o
                                         0x72 (size before relaxing)
 .debug_str     0x000000000000239b      0x3c7 c:/programming/assembler/toolchain-gd32v-v202-win/toolchain-gd32v-v202-win/compiler/bin/../lib/gcc/riscv64-unknown-elf/8.3.0/rv32imac/ilp32\libgcc.a(divdf3.o)
                                        0x452 (size before relaxing)
 .debug_str     0x0000000000002762       0x7b c:/programming/assembler/toolchain-gd32v-v202-win/toolchain-gd32v-v202-win/compiler/bin/../lib/gcc/riscv64-unknown-elf/8.3.0/rv32imac/ilp32\libgcc.a(ledf2.o)
                                        0x2ce (size before relaxing)
 .debug_str     0x00000000000027dd      0x15f c:/programming/assembler/toolchain-gd32v-v202-win/toolchain-gd32v-v202-win/compiler/bin/../lib/gcc/riscv64-unknown-elf/8.3.0/rv32imac/ilp32\libgcc.a(muldf3.o)
                                        0x4aa (size before relaxing)
 .debug_str     0x000000000000293c       0xfd c:/programming/assembler/toolchain-gd32v-v202-win/toolchain-gd32v-v202-win/compiler/bin/../lib/gcc/riscv64-unknown-elf/8.3.0/rv32imac/ilp32\libgcc.a(floatunsidf.o)
                                        0x33a (size before relaxing)
 .debug_str     0x0000000000002a39       0x4c c:/programming/assembler/toolchain-gd32v-v202-win/toolchain-gd32v-v202-win/compiler/bin/../lib/gcc/riscv64-unknown-elf/8.3.0/rv32imac/ilp32\libgcc.a(floatundidf.o)
                                        0x344 (size before relaxing)
 .debug_str     0x0000000000002a85      0x20e c:/programming/assembler/toolchain-gd32v-v202-win/toolchain-gd32v-v202-win/compiler/bin/../lib/gcc/riscv64-unknown-elf/8.3.0/rv32imac/ilp32\libgcc.a(_lshrdi3.o)
                                        0x860 (size before relaxing)
 .debug_str     0x0000000000002c93        0xa c:/programming/assembler/toolchain-gd32v-v202-win/toolchain-gd32v-v202-win/compiler/bin/../lib/gcc/riscv64-unknown-elf/8.3.0/rv32imac/ilp32\libgcc.a(_ashldi3.o)
                                        0x860 (size before relaxing)
 .debug_str     0x0000000000002c9d        0xe c:/programming/assembler/toolchain-gd32v-v202-win/toolchain-gd32v-v202-win/compiler/bin/../lib/gcc/riscv64-unknown-elf/8.3.0/rv32imac/ilp32\libgcc.a(_clzsi2.o)
                                        0x82e (size before relaxing)
 .debug_str     0x0000000000002cab      0x811 c:/programming/assembler/toolchain-gd32v-v202-win/toolchain-gd32v-v202-win/compiler/bin/../lib/gcc/riscv64-unknown-elf/8.3.0/rv32imac/ilp32\libgcc.a(_clz.o)

.comment        0x0000000000000000       0x28
 .comment       0x0000000000000000       0x28 build/gd32vf103_gpio.o
                                         0x29 (size before relaxing)
 .comment       0x0000000000000028       0x29 build/gd32vf103_rcu.o
 .comment       0x0000000000000028       0x29 build/gd32vf103_spi.o
 .comment       0x0000000000000028       0x29 build/system_gd32vf103.o
 .comment       0x0000000000000028       0x29 build/_exit.o
 .comment       0x0000000000000028       0x29 build/write_hex.o
 .comment       0x0000000000000028       0x29 build/n200_func.o
 .comment       0x0000000000000028       0x29 build/handlers.o
 .comment       0x0000000000000028       0x29 build/init.o
 .comment       0x0000000000000028       0x29 build/lcd.o
 .comment       0x0000000000000028       0x29 build/main.o
 .comment       0x0000000000000028       0x29 c:/programming/assembler/toolchain-gd32v-v202-win/toolchain-gd32v-v202-win/compiler/bin/../lib/gcc/riscv64-unknown-elf/8.3.0/rv32imac/ilp32\libgcc.a(divdf3.o)
 .comment       0x0000000000000028       0x29 c:/programming/assembler/toolchain-gd32v-v202-win/toolchain-gd32v-v202-win/compiler/bin/../lib/gcc/riscv64-unknown-elf/8.3.0/rv32imac/ilp32\libgcc.a(ledf2.o)
 .comment       0x0000000000000028       0x29 c:/programming/assembler/toolchain-gd32v-v202-win/toolchain-gd32v-v202-win/compiler/bin/../lib/gcc/riscv64-unknown-elf/8.3.0/rv32imac/ilp32\libgcc.a(muldf3.o)
 .comment       0x0000000000000028       0x29 c:/programming/assembler/toolchain-gd32v-v202-win/toolchain-gd32v-v202-win/compiler/bin/../lib/gcc/riscv64-unknown-elf/8.3.0/rv32imac/ilp32\libgcc.a(floatunsidf.o)
 .comment       0x0000000000000028       0x29 c:/programming/assembler/toolchain-gd32v-v202-win/toolchain-gd32v-v202-win/compiler/bin/../lib/gcc/riscv64-unknown-elf/8.3.0/rv32imac/ilp32\libgcc.a(floatundidf.o)
 .comment       0x0000000000000028       0x29 c:/programming/assembler/toolchain-gd32v-v202-win/toolchain-gd32v-v202-win/compiler/bin/../lib/gcc/riscv64-unknown-elf/8.3.0/rv32imac/ilp32\libgcc.a(_lshrdi3.o)
 .comment       0x0000000000000028       0x29 c:/programming/assembler/toolchain-gd32v-v202-win/toolchain-gd32v-v202-win/compiler/bin/../lib/gcc/riscv64-unknown-elf/8.3.0/rv32imac/ilp32\libgcc.a(_ashldi3.o)
 .comment       0x0000000000000028       0x29 c:/programming/assembler/toolchain-gd32v-v202-win/toolchain-gd32v-v202-win/compiler/bin/../lib/gcc/riscv64-unknown-elf/8.3.0/rv32imac/ilp32\libgcc.a(_clzsi2.o)
 .comment       0x0000000000000028       0x29 c:/programming/assembler/toolchain-gd32v-v202-win/toolchain-gd32v-v202-win/compiler/bin/../lib/gcc/riscv64-unknown-elf/8.3.0/rv32imac/ilp32\libgcc.a(_clz.o)
 .comment       0x0000000000000028       0x29 c:/programming/assembler/toolchain-gd32v-v202-win/toolchain-gd32v-v202-win/compiler/bin/../lib/gcc/riscv64-unknown-elf/8.3.0/../../../../riscv64-unknown-elf/lib/rv32imac/ilp32\libc_nano.a(lib_a-atexit.o)
 .comment       0x0000000000000028       0x29 c:/programming/assembler/toolchain-gd32v-v202-win/toolchain-gd32v-v202-win/compiler/bin/../lib/gcc/riscv64-unknown-elf/8.3.0/../../../../riscv64-unknown-elf/lib/rv32imac/ilp32\libc_nano.a(lib_a-exit.o)
 .comment       0x0000000000000028       0x29 c:/programming/assembler/toolchain-gd32v-v202-win/toolchain-gd32v-v202-win/compiler/bin/../lib/gcc/riscv64-unknown-elf/8.3.0/../../../../riscv64-unknown-elf/lib/rv32imac/ilp32\libc_nano.a(lib_a-fini.o)
 .comment       0x0000000000000028       0x29 c:/programming/assembler/toolchain-gd32v-v202-win/toolchain-gd32v-v202-win/compiler/bin/../lib/gcc/riscv64-unknown-elf/8.3.0/../../../../riscv64-unknown-elf/lib/rv32imac/ilp32\libc_nano.a(lib_a-impure.o)
 .comment       0x0000000000000028       0x29 c:/programming/assembler/toolchain-gd32v-v202-win/toolchain-gd32v-v202-win/compiler/bin/../lib/gcc/riscv64-unknown-elf/8.3.0/../../../../riscv64-unknown-elf/lib/rv32imac/ilp32\libc_nano.a(lib_a-init.o)
 .comment       0x0000000000000028       0x29 c:/programming/assembler/toolchain-gd32v-v202-win/toolchain-gd32v-v202-win/compiler/bin/../lib/gcc/riscv64-unknown-elf/8.3.0/../../../../riscv64-unknown-elf/lib/rv32imac/ilp32\libc_nano.a(lib_a-syswrite.o)
 .comment       0x0000000000000028       0x29 c:/programming/assembler/toolchain-gd32v-v202-win/toolchain-gd32v-v202-win/compiler/bin/../lib/gcc/riscv64-unknown-elf/8.3.0/../../../../riscv64-unknown-elf/lib/rv32imac/ilp32\libc_nano.a(lib_a-writer.o)
 .comment       0x0000000000000028       0x29 c:/programming/assembler/toolchain-gd32v-v202-win/toolchain-gd32v-v202-win/compiler/bin/../lib/gcc/riscv64-unknown-elf/8.3.0/../../../../riscv64-unknown-elf/lib/rv32imac/ilp32\libc_nano.a(lib_a-__atexit.o)
 .comment       0x0000000000000028       0x29 c:/programming/assembler/toolchain-gd32v-v202-win/toolchain-gd32v-v202-win/compiler/bin/../lib/gcc/riscv64-unknown-elf/8.3.0/../../../../riscv64-unknown-elf/lib/rv32imac/ilp32\libc_nano.a(lib_a-__call_atexit.o)
 .comment       0x0000000000000028       0x29 c:/programming/assembler/toolchain-gd32v-v202-win/toolchain-gd32v-v202-win/compiler/bin/../lib/gcc/riscv64-unknown-elf/8.3.0/../../../../riscv64-unknown-elf/lib/rv32imac/ilp32\libc_nano.a(lib_a-reent.o)
 .comment       0x0000000000000028       0x29 c:/programming/assembler/toolchain-gd32v-v202-win/toolchain-gd32v-v202-win/compiler/bin/../lib/gcc/riscv64-unknown-elf/8.3.0/../../../../riscv64-unknown-elf/lib/rv32imac/ilp32\libgloss_nano.a(sys_write.o)
 .comment       0x0000000000000028       0x29 c:/programming/assembler/toolchain-gd32v-v202-win/toolchain-gd32v-v202-win/compiler/bin/../lib/gcc/riscv64-unknown-elf/8.3.0/../../../../riscv64-unknown-elf/lib/rv32imac/ilp32\libc_nano.a(lib_a-errno.o)

.riscv.attributes
                0x0000000000000000       0x2b
 .riscv.attributes
                0x0000000000000000       0x2b build/gd32vf103_gpio.o
 .riscv.attributes
                0x000000000000002b       0x2b build/gd32vf103_rcu.o
 .riscv.attributes
                0x0000000000000056       0x2b build/gd32vf103_spi.o
 .riscv.attributes
                0x0000000000000081       0x2b build/system_gd32vf103.o
 .riscv.attributes
                0x00000000000000ac       0x2b build/_exit.o
 .riscv.attributes
                0x00000000000000d7       0x2b build/write_hex.o
 .riscv.attributes
                0x0000000000000102       0x2b build/n200_func.o
 .riscv.attributes
                0x000000000000012d       0x2b build/handlers.o
 .riscv.attributes
                0x0000000000000158       0x2b build/init.o
 .riscv.attributes
                0x0000000000000183       0x2b build/lcd.o
 .riscv.attributes
                0x00000000000001ae       0x2b build/main.o
 .riscv.attributes
                0x00000000000001d9       0x29 build/start.o
 .riscv.attributes
                0x0000000000000202       0x29 build/entry.o
 .riscv.attributes
                0x000000000000022b       0x29 build/drivers.o
 .riscv.attributes
                0x0000000000000254       0x2b c:/programming/assembler/toolchain-gd32v-v202-win/toolchain-gd32v-v202-win/compiler/bin/../lib/gcc/riscv64-unknown-elf/8.3.0/rv32imac/ilp32\libgcc.a(divdf3.o)
 .riscv.attributes
                0x000000000000027f       0x2b c:/programming/assembler/toolchain-gd32v-v202-win/toolchain-gd32v-v202-win/compiler/bin/../lib/gcc/riscv64-unknown-elf/8.3.0/rv32imac/ilp32\libgcc.a(ledf2.o)
 .riscv.attributes
                0x00000000000002aa       0x2b c:/programming/assembler/toolchain-gd32v-v202-win/toolchain-gd32v-v202-win/compiler/bin/../lib/gcc/riscv64-unknown-elf/8.3.0/rv32imac/ilp32\libgcc.a(muldf3.o)
 .riscv.attributes
                0x00000000000002d5       0x2b c:/programming/assembler/toolchain-gd32v-v202-win/toolchain-gd32v-v202-win/compiler/bin/../lib/gcc/riscv64-unknown-elf/8.3.0/rv32imac/ilp32\libgcc.a(floatunsidf.o)
 .riscv.attributes
                0x0000000000000300       0x2b c:/programming/assembler/toolchain-gd32v-v202-win/toolchain-gd32v-v202-win/compiler/bin/../lib/gcc/riscv64-unknown-elf/8.3.0/rv32imac/ilp32\libgcc.a(floatundidf.o)
 .riscv.attributes
                0x000000000000032b       0x2b c:/programming/assembler/toolchain-gd32v-v202-win/toolchain-gd32v-v202-win/compiler/bin/../lib/gcc/riscv64-unknown-elf/8.3.0/rv32imac/ilp32\libgcc.a(_lshrdi3.o)
 .riscv.attributes
                0x0000000000000356       0x2b c:/programming/assembler/toolchain-gd32v-v202-win/toolchain-gd32v-v202-win/compiler/bin/../lib/gcc/riscv64-unknown-elf/8.3.0/rv32imac/ilp32\libgcc.a(_ashldi3.o)
 .riscv.attributes
                0x0000000000000381       0x2b c:/programming/assembler/toolchain-gd32v-v202-win/toolchain-gd32v-v202-win/compiler/bin/../lib/gcc/riscv64-unknown-elf/8.3.0/rv32imac/ilp32\libgcc.a(_clzsi2.o)
 .riscv.attributes
                0x00000000000003ac       0x2b c:/programming/assembler/toolchain-gd32v-v202-win/toolchain-gd32v-v202-win/compiler/bin/../lib/gcc/riscv64-unknown-elf/8.3.0/rv32imac/ilp32\libgcc.a(_clz.o)
 .riscv.attributes
                0x00000000000003d7       0x2b c:/programming/assembler/toolchain-gd32v-v202-win/toolchain-gd32v-v202-win/compiler/bin/../lib/gcc/riscv64-unknown-elf/8.3.0/../../../../riscv64-unknown-elf/lib/rv32imac/ilp32\libc_nano.a(lib_a-atexit.o)
 .riscv.attributes
                0x0000000000000402       0x2b c:/programming/assembler/toolchain-gd32v-v202-win/toolchain-gd32v-v202-win/compiler/bin/../lib/gcc/riscv64-unknown-elf/8.3.0/../../../../riscv64-unknown-elf/lib/rv32imac/ilp32\libc_nano.a(lib_a-exit.o)
 .riscv.attributes
                0x000000000000042d       0x2b c:/programming/assembler/toolchain-gd32v-v202-win/toolchain-gd32v-v202-win/compiler/bin/../lib/gcc/riscv64-unknown-elf/8.3.0/../../../../riscv64-unknown-elf/lib/rv32imac/ilp32\libc_nano.a(lib_a-fini.o)
 .riscv.attributes
                0x0000000000000458       0x2b c:/programming/assembler/toolchain-gd32v-v202-win/toolchain-gd32v-v202-win/compiler/bin/../lib/gcc/riscv64-unknown-elf/8.3.0/../../../../riscv64-unknown-elf/lib/rv32imac/ilp32\libc_nano.a(lib_a-impure.o)
 .riscv.attributes
                0x0000000000000483       0x2b c:/programming/assembler/toolchain-gd32v-v202-win/toolchain-gd32v-v202-win/compiler/bin/../lib/gcc/riscv64-unknown-elf/8.3.0/../../../../riscv64-unknown-elf/lib/rv32imac/ilp32\libc_nano.a(lib_a-init.o)
 .riscv.attributes
                0x00000000000004ae       0x29 c:/programming/assembler/toolchain-gd32v-v202-win/toolchain-gd32v-v202-win/compiler/bin/../lib/gcc/riscv64-unknown-elf/8.3.0/../../../../riscv64-unknown-elf/lib/rv32imac/ilp32\libc_nano.a(lib_a-memcpy-asm.o)
 .riscv.attributes
                0x00000000000004d7       0x2b c:/programming/assembler/toolchain-gd32v-v202-win/toolchain-gd32v-v202-win/compiler/bin/../lib/gcc/riscv64-unknown-elf/8.3.0/../../../../riscv64-unknown-elf/lib/rv32imac/ilp32\libc_nano.a(lib_a-syswrite.o)
 .riscv.attributes
                0x0000000000000502       0x2b c:/programming/assembler/toolchain-gd32v-v202-win/toolchain-gd32v-v202-win/compiler/bin/../lib/gcc/riscv64-unknown-elf/8.3.0/../../../../riscv64-unknown-elf/lib/rv32imac/ilp32\libc_nano.a(lib_a-writer.o)
 .riscv.attributes
                0x000000000000052d       0x2b c:/programming/assembler/toolchain-gd32v-v202-win/toolchain-gd32v-v202-win/compiler/bin/../lib/gcc/riscv64-unknown-elf/8.3.0/../../../../riscv64-unknown-elf/lib/rv32imac/ilp32\libc_nano.a(lib_a-__atexit.o)
 .riscv.attributes
                0x0000000000000558       0x2b c:/programming/assembler/toolchain-gd32v-v202-win/toolchain-gd32v-v202-win/compiler/bin/../lib/gcc/riscv64-unknown-elf/8.3.0/../../../../riscv64-unknown-elf/lib/rv32imac/ilp32\libc_nano.a(lib_a-__call_atexit.o)
 .riscv.attributes
                0x0000000000000583       0x2b c:/programming/assembler/toolchain-gd32v-v202-win/toolchain-gd32v-v202-win/compiler/bin/../lib/gcc/riscv64-unknown-elf/8.3.0/../../../../riscv64-unknown-elf/lib/rv32imac/ilp32\libc_nano.a(lib_a-reent.o)
 .riscv.attributes
                0x00000000000005ae       0x2b c:/programming/assembler/toolchain-gd32v-v202-win/toolchain-gd32v-v202-win/compiler/bin/../lib/gcc/riscv64-unknown-elf/8.3.0/../../../../riscv64-unknown-elf/lib/rv32imac/ilp32\libgloss_nano.a(sys_write.o)
 .riscv.attributes
                0x00000000000005d9       0x2b c:/programming/assembler/toolchain-gd32v-v202-win/toolchain-gd32v-v202-win/compiler/bin/../lib/gcc/riscv64-unknown-elf/8.3.0/../../../../riscv64-unknown-elf/lib/rv32imac/ilp32\libc_nano.a(lib_a-errno.o)

.debug_frame    0x0000000000000000     0x11c4
 .debug_frame   0x0000000000000000      0x144 build/gd32vf103_gpio.o
 .debug_frame   0x0000000000000144      0x2e8 build/gd32vf103_rcu.o
 .debug_frame   0x000000000000042c      0x260 build/gd32vf103_spi.o
 .debug_frame   0x000000000000068c       0x30 build/system_gd32vf103.o
 .debug_frame   0x00000000000006bc       0x2c build/_exit.o
 .debug_frame   0x00000000000006e8       0x50 build/write_hex.o
 .debug_frame   0x0000000000000738      0x2dc build/n200_func.o
 .debug_frame   0x0000000000000a14       0x44 build/handlers.o
 .debug_frame   0x0000000000000a58       0x3c build/init.o
 .debug_frame   0x0000000000000a94      0x560 build/lcd.o
 .debug_frame   0x0000000000000ff4       0x30 build/main.o
 .debug_frame   0x0000000000001024       0x54 c:/programming/assembler/toolchain-gd32v-v202-win/toolchain-gd32v-v202-win/compiler/bin/../lib/gcc/riscv64-unknown-elf/8.3.0/rv32imac/ilp32\libgcc.a(divdf3.o)
 .debug_frame   0x0000000000001078       0x20 c:/programming/assembler/toolchain-gd32v-v202-win/toolchain-gd32v-v202-win/compiler/bin/../lib/gcc/riscv64-unknown-elf/8.3.0/rv32imac/ilp32\libgcc.a(ledf2.o)
 .debug_frame   0x0000000000001098       0x54 c:/programming/assembler/toolchain-gd32v-v202-win/toolchain-gd32v-v202-win/compiler/bin/../lib/gcc/riscv64-unknown-elf/8.3.0/rv32imac/ilp32\libgcc.a(muldf3.o)
 .debug_frame   0x00000000000010ec       0x34 c:/programming/assembler/toolchain-gd32v-v202-win/toolchain-gd32v-v202-win/compiler/bin/../lib/gcc/riscv64-unknown-elf/8.3.0/rv32imac/ilp32\libgcc.a(floatunsidf.o)
 .debug_frame   0x0000000000001120       0x44 c:/programming/assembler/toolchain-gd32v-v202-win/toolchain-gd32v-v202-win/compiler/bin/../lib/gcc/riscv64-unknown-elf/8.3.0/rv32imac/ilp32\libgcc.a(floatundidf.o)
 .debug_frame   0x0000000000001164       0x20 c:/programming/assembler/toolchain-gd32v-v202-win/toolchain-gd32v-v202-win/compiler/bin/../lib/gcc/riscv64-unknown-elf/8.3.0/rv32imac/ilp32\libgcc.a(_lshrdi3.o)
 .debug_frame   0x0000000000001184       0x20 c:/programming/assembler/toolchain-gd32v-v202-win/toolchain-gd32v-v202-win/compiler/bin/../lib/gcc/riscv64-unknown-elf/8.3.0/rv32imac/ilp32\libgcc.a(_ashldi3.o)
 .debug_frame   0x00000000000011a4       0x20 c:/programming/assembler/toolchain-gd32v-v202-win/toolchain-gd32v-v202-win/compiler/bin/../lib/gcc/riscv64-unknown-elf/8.3.0/rv32imac/ilp32\libgcc.a(_clzsi2.o)

Cross Reference Table

Symbol                                            File
ADC0_1_IRQHandler                                 build/start.o
BACK_COLOR                                        build/lcd.o
CAN0_EWMC_IRQHandler                              build/start.o
CAN0_RX0_IRQHandler                               build/start.o
CAN0_RX1_IRQHandler                               build/start.o
CAN0_TX_IRQHandler                                build/start.o
CAN1_EWMC_IRQHandler                              build/start.o
CAN1_RX0_IRQHandler                               build/start.o
CAN1_RX1_IRQHandler                               build/start.o
CAN1_TX_IRQHandler                                build/start.o
DMA0_Channel0_IRQHandler                          build/start.o
DMA0_Channel1_IRQHandler                          build/start.o
DMA0_Channel2_IRQHandler                          build/start.o
DMA0_Channel3_IRQHandler                          build/start.o
DMA0_Channel4_IRQHandler                          build/start.o
DMA0_Channel5_IRQHandler                          build/start.o
DMA0_Channel6_IRQHandler                          build/start.o
DMA1_Channel0_IRQHandler                          build/start.o
DMA1_Channel1_IRQHandler                          build/start.o
DMA1_Channel2_IRQHandler                          build/start.o
DMA1_Channel3_IRQHandler                          build/start.o
DMA1_Channel4_IRQHandler                          build/start.o
Draw_Circle                                       build/lcd.o
EXMC_IRQHandler                                   build/start.o
EXTI0_IRQHandler                                  build/start.o
EXTI10_15_IRQHandler                              build/start.o
EXTI1_IRQHandler                                  build/start.o
EXTI2_IRQHandler                                  build/start.o
EXTI3_IRQHandler                                  build/start.o
EXTI4_IRQHandler                                  build/start.o
EXTI5_9_IRQHandler                                build/start.o
FMC_IRQHandler                                    build/start.o
Hzk16                                             build/lcd.o
Hzk32                                             build/lcd.o
I2C0_ER_IRQHandler                                build/start.o
I2C0_EV_IRQHandler                                build/start.o
I2C1_ER_IRQHandler                                build/start.o
I2C1_EV_IRQHandler                                build/start.o
LCD_Address_Set                                   build/lcd.o
LCD_Clear                                         build/lcd.o
                                                  build/main.o
LCD_DrawLine                                      build/lcd.o
LCD_DrawPoint                                     build/lcd.o
LCD_DrawPoint_big                                 build/lcd.o
LCD_DrawRectangle                                 build/lcd.o
LCD_Fill                                          build/lcd.o
LCD_ShowChar                                      build/lcd.o
                                                  build/main.o
LCD_ShowChinese                                   build/lcd.o
LCD_ShowNum                                       build/lcd.o
LCD_ShowNum1                                      build/lcd.o
LCD_ShowPicture                                   build/lcd.o
LCD_ShowStr                                       build/lcd.o
                                                  build/main.o
LCD_ShowString                                    build/lcd.o
LCD_WR_DATA                                       build/lcd.o
LCD_WR_DATA8                                      build/lcd.o
LCD_WR_Queue                                      build/lcd.o
                                                  build/main.o
LCD_WR_REG                                        build/lcd.o
LCD_Wait_On_Queue                                 build/lcd.o
LCD_Writ_Bus                                      build/lcd.o
LCD_Write_Bus                                     build/lcd.o
LVD_IRQHandler                                    build/start.o
Lcd_Init                                          build/lcd.o
                                                  build/main.o
Lcd_SetType                                       build/lcd.o
                                                  build/main.o
RCU_IRQHandler                                    build/start.o
RTC_Alarm_IRQHandler                              build/start.o
RTC_IRQHandler                                    build/start.o
SPI0_IRQHandler                                   build/start.o
SPI1_IRQHandler                                   build/start.o
SPI2_IRQHandler                                   build/start.o
SystemCoreClock                                   build/system_gd32vf103.o
                                                  build/lcd.o
                                                  build/n200_func.o
SystemCoreClockUpdate                             build/system_gd32vf103.o
SystemInit                                        build/system_gd32vf103.o
                                                  build/init.o
TAMPER_IRQHandler                                 build/start.o
TIMER0_BRK_IRQHandler                             build/start.o
TIMER0_Channel_IRQHandler                         build/start.o
TIMER0_TRG_CMT_IRQHandler                         build/start.o
TIMER0_UP_IRQHandler                              build/start.o
TIMER1_IRQHandler                                 build/start.o
TIMER2_IRQHandler                                 build/start.o
TIMER3_IRQHandler                                 build/start.o
TIMER4_IRQHandler                                 build/start.o
TIMER5_IRQHandler                                 build/start.o
TIMER6_IRQHandler                                 build/start.o
UART3_IRQHandler                                  build/start.o
UART4_IRQHandler                                  build/start.o
USART0_IRQHandler                                 build/start.o
USART1_IRQHandler                                 build/start.o
USART2_IRQHandler                                 build/start.o
USBFS_IRQHandler                                  build/start.o
USBFS_WKUP_IRQHandler                             build/start.o
WWDGT_IRQHandler                                  build/start.o
__ashldi3                                         c:/programming/assembler/toolchain-gd32v-v202-win/toolchain-gd32v-v202-win/compiler/bin/../lib/gcc/riscv64-unknown-elf/8.3.0/rv32imac/ilp32\libgcc.a(_ashldi3.o)
                                                  c:/programming/assembler/toolchain-gd32v-v202-win/toolchain-gd32v-v202-win/compiler/bin/../lib/gcc/riscv64-unknown-elf/8.3.0/rv32imac/ilp32\libgcc.a(floatundidf.o)
__atexit_dummy                                    c:/programming/assembler/toolchain-gd32v-v202-win/toolchain-gd32v-v202-win/compiler/bin/../lib/gcc/riscv64-unknown-elf/8.3.0/../../../../riscv64-unknown-elf/lib/rv32imac/ilp32\libc_nano.a(lib_a-__atexit.o)
__bss_start                                       build/start.o
__call_exitprocs                                  c:/programming/assembler/toolchain-gd32v-v202-win/toolchain-gd32v-v202-win/compiler/bin/../lib/gcc/riscv64-unknown-elf/8.3.0/../../../../riscv64-unknown-elf/lib/rv32imac/ilp32\libc_nano.a(lib_a-__call_atexit.o)
                                                  c:/programming/assembler/toolchain-gd32v-v202-win/toolchain-gd32v-v202-win/compiler/bin/../lib/gcc/riscv64-unknown-elf/8.3.0/../../../../riscv64-unknown-elf/lib/rv32imac/ilp32\libc_nano.a(lib_a-__atexit.o)
                                                  c:/programming/assembler/toolchain-gd32v-v202-win/toolchain-gd32v-v202-win/compiler/bin/../lib/gcc/riscv64-unknown-elf/8.3.0/../../../../riscv64-unknown-elf/lib/rv32imac/ilp32\libc_nano.a(lib_a-exit.o)
__clz_tab                                         c:/programming/assembler/toolchain-gd32v-v202-win/toolchain-gd32v-v202-win/compiler/bin/../lib/gcc/riscv64-unknown-elf/8.3.0/rv32imac/ilp32\libgcc.a(_clz.o)
                                                  c:/programming/assembler/toolchain-gd32v-v202-win/toolchain-gd32v-v202-win/compiler/bin/../lib/gcc/riscv64-unknown-elf/8.3.0/rv32imac/ilp32\libgcc.a(_clzsi2.o)
__clzsi2                                          c:/programming/assembler/toolchain-gd32v-v202-win/toolchain-gd32v-v202-win/compiler/bin/../lib/gcc/riscv64-unknown-elf/8.3.0/rv32imac/ilp32\libgcc.a(_clzsi2.o)
                                                  c:/programming/assembler/toolchain-gd32v-v202-win/toolchain-gd32v-v202-win/compiler/bin/../lib/gcc/riscv64-unknown-elf/8.3.0/rv32imac/ilp32\libgcc.a(mulsf3.o)
                                                  c:/programming/assembler/toolchain-gd32v-v202-win/toolchain-gd32v-v202-win/compiler/bin/../lib/gcc/riscv64-unknown-elf/8.3.0/rv32imac/ilp32\libgcc.a(floatundidf.o)
                                                  c:/programming/assembler/toolchain-gd32v-v202-win/toolchain-gd32v-v202-win/compiler/bin/../lib/gcc/riscv64-unknown-elf/8.3.0/rv32imac/ilp32\libgcc.a(floatunsidf.o)
                                                  c:/programming/assembler/toolchain-gd32v-v202-win/toolchain-gd32v-v202-win/compiler/bin/../lib/gcc/riscv64-unknown-elf/8.3.0/rv32imac/ilp32\libgcc.a(muldf3.o)
                                                  c:/programming/assembler/toolchain-gd32v-v202-win/toolchain-gd32v-v202-win/compiler/bin/../lib/gcc/riscv64-unknown-elf/8.3.0/rv32imac/ilp32\libgcc.a(divdf3.o)
__divdf3                                          c:/programming/assembler/toolchain-gd32v-v202-win/toolchain-gd32v-v202-win/compiler/bin/../lib/gcc/riscv64-unknown-elf/8.3.0/rv32imac/ilp32\libgcc.a(divdf3.o)
                                                  build/lcd.o
__errno                                           c:/programming/assembler/toolchain-gd32v-v202-win/toolchain-gd32v-v202-win/compiler/bin/../lib/gcc/riscv64-unknown-elf/8.3.0/../../../../riscv64-unknown-elf/lib/rv32imac/ilp32\libc_nano.a(lib_a-errno.o)
                                                  c:/programming/assembler/toolchain-gd32v-v202-win/toolchain-gd32v-v202-win/compiler/bin/../lib/gcc/riscv64-unknown-elf/8.3.0/../../../../riscv64-unknown-elf/lib/rv32imac/ilp32\libgloss_nano.a(sys_write.o)
__fini_array_end                                  c:/programming/assembler/toolchain-gd32v-v202-win/toolchain-gd32v-v202-win/compiler/bin/../lib/gcc/riscv64-unknown-elf/8.3.0/../../../../riscv64-unknown-elf/lib/rv32imac/ilp32\libc_nano.a(lib_a-fini.o)
__fini_array_start                                c:/programming/assembler/toolchain-gd32v-v202-win/toolchain-gd32v-v202-win/compiler/bin/../lib/gcc/riscv64-unknown-elf/8.3.0/../../../../riscv64-unknown-elf/lib/rv32imac/ilp32\libc_nano.a(lib_a-fini.o)
__fixunssfsi                                      c:/programming/assembler/toolchain-gd32v-v202-win/toolchain-gd32v-v202-win/compiler/bin/../lib/gcc/riscv64-unknown-elf/8.3.0/rv32imac/ilp32\libgcc.a(fixunssfsi.o)
                                                  build/lcd.o
__floatundidf                                     c:/programming/assembler/toolchain-gd32v-v202-win/toolchain-gd32v-v202-win/compiler/bin/../lib/gcc/riscv64-unknown-elf/8.3.0/rv32imac/ilp32\libgcc.a(floatundidf.o)
                                                  build/lcd.o
__floatunsidf                                     c:/programming/assembler/toolchain-gd32v-v202-win/toolchain-gd32v-v202-win/compiler/bin/../lib/gcc/riscv64-unknown-elf/8.3.0/rv32imac/ilp32\libgcc.a(floatunsidf.o)
                                                  build/lcd.o
__global_pointer$                                 build/start.o
__init_array_end                                  c:/programming/assembler/toolchain-gd32v-v202-win/toolchain-gd32v-v202-win/compiler/bin/../lib/gcc/riscv64-unknown-elf/8.3.0/../../../../riscv64-unknown-elf/lib/rv32imac/ilp32\libc_nano.a(lib_a-init.o)
__init_array_start                                c:/programming/assembler/toolchain-gd32v-v202-win/toolchain-gd32v-v202-win/compiler/bin/../lib/gcc/riscv64-unknown-elf/8.3.0/../../../../riscv64-unknown-elf/lib/rv32imac/ilp32\libc_nano.a(lib_a-init.o)
__ledf2                                           c:/programming/assembler/toolchain-gd32v-v202-win/toolchain-gd32v-v202-win/compiler/bin/../lib/gcc/riscv64-unknown-elf/8.3.0/rv32imac/ilp32\libgcc.a(ledf2.o)
__libc_fini_array                                 c:/programming/assembler/toolchain-gd32v-v202-win/toolchain-gd32v-v202-win/compiler/bin/../lib/gcc/riscv64-unknown-elf/8.3.0/../../../../riscv64-unknown-elf/lib/rv32imac/ilp32\libc_nano.a(lib_a-fini.o)
                                                  build/start.o
__libc_init_array                                 c:/programming/assembler/toolchain-gd32v-v202-win/toolchain-gd32v-v202-win/compiler/bin/../lib/gcc/riscv64-unknown-elf/8.3.0/../../../../riscv64-unknown-elf/lib/rv32imac/ilp32\libc_nano.a(lib_a-init.o)
                                                  build/start.o
__lshrdi3                                         c:/programming/assembler/toolchain-gd32v-v202-win/toolchain-gd32v-v202-win/compiler/bin/../lib/gcc/riscv64-unknown-elf/8.3.0/rv32imac/ilp32\libgcc.a(_lshrdi3.o)
                                                  c:/programming/assembler/toolchain-gd32v-v202-win/toolchain-gd32v-v202-win/compiler/bin/../lib/gcc/riscv64-unknown-elf/8.3.0/rv32imac/ilp32\libgcc.a(floatundidf.o)
__ltdf2                                           c:/programming/assembler/toolchain-gd32v-v202-win/toolchain-gd32v-v202-win/compiler/bin/../lib/gcc/riscv64-unknown-elf/8.3.0/rv32imac/ilp32\libgcc.a(ledf2.o)
                                                  build/lcd.o
__malloc_free_list                                c:/programming/assembler/toolchain-gd32v-v202-win/toolchain-gd32v-v202-win/compiler/bin/../lib/gcc/riscv64-unknown-elf/8.3.0/../../../../riscv64-unknown-elf/lib/rv32imac/ilp32\libc_nano.a(lib_a-nano-mallocr.o)
                                                  c:/programming/assembler/toolchain-gd32v-v202-win/toolchain-gd32v-v202-win/compiler/bin/../lib/gcc/riscv64-unknown-elf/8.3.0/../../../../riscv64-unknown-elf/lib/rv32imac/ilp32\libc_nano.a(lib_a-nano-freer.o)
__malloc_lock                                     c:/programming/assembler/toolchain-gd32v-v202-win/toolchain-gd32v-v202-win/compiler/bin/../lib/gcc/riscv64-unknown-elf/8.3.0/../../../../riscv64-unknown-elf/lib/rv32imac/ilp32\libc_nano.a(lib_a-mlock.o)
                                                  c:/programming/assembler/toolchain-gd32v-v202-win/toolchain-gd32v-v202-win/compiler/bin/../lib/gcc/riscv64-unknown-elf/8.3.0/../../../../riscv64-unknown-elf/lib/rv32imac/ilp32\libc_nano.a(lib_a-nano-mallocr.o)
                                                  c:/programming/assembler/toolchain-gd32v-v202-win/toolchain-gd32v-v202-win/compiler/bin/../lib/gcc/riscv64-unknown-elf/8.3.0/../../../../riscv64-unknown-elf/lib/rv32imac/ilp32\libc_nano.a(lib_a-nano-freer.o)
__malloc_sbrk_start                               c:/programming/assembler/toolchain-gd32v-v202-win/toolchain-gd32v-v202-win/compiler/bin/../lib/gcc/riscv64-unknown-elf/8.3.0/../../../../riscv64-unknown-elf/lib/rv32imac/ilp32\libc_nano.a(lib_a-nano-mallocr.o)
__malloc_unlock                                   c:/programming/assembler/toolchain-gd32v-v202-win/toolchain-gd32v-v202-win/compiler/bin/../lib/gcc/riscv64-unknown-elf/8.3.0/../../../../riscv64-unknown-elf/lib/rv32imac/ilp32\libc_nano.a(lib_a-mlock.o)
                                                  c:/programming/assembler/toolchain-gd32v-v202-win/toolchain-gd32v-v202-win/compiler/bin/../lib/gcc/riscv64-unknown-elf/8.3.0/../../../../riscv64-unknown-elf/lib/rv32imac/ilp32\libc_nano.a(lib_a-nano-mallocr.o)
                                                  c:/programming/assembler/toolchain-gd32v-v202-win/toolchain-gd32v-v202-win/compiler/bin/../lib/gcc/riscv64-unknown-elf/8.3.0/../../../../riscv64-unknown-elf/lib/rv32imac/ilp32\libc_nano.a(lib_a-nano-freer.o)
__muldf3                                          c:/programming/assembler/toolchain-gd32v-v202-win/toolchain-gd32v-v202-win/compiler/bin/../lib/gcc/riscv64-unknown-elf/8.3.0/rv32imac/ilp32\libgcc.a(muldf3.o)
                                                  build/lcd.o
__mulsf3                                          c:/programming/assembler/toolchain-gd32v-v202-win/toolchain-gd32v-v202-win/compiler/bin/../lib/gcc/riscv64-unknown-elf/8.3.0/rv32imac/ilp32\libgcc.a(mulsf3.o)
                                                  build/lcd.o
__on_exit_args                                    c:/programming/assembler/toolchain-gd32v-v202-win/toolchain-gd32v-v202-win/compiler/bin/../lib/gcc/riscv64-unknown-elf/8.3.0/../../../../riscv64-unknown-elf/lib/rv32imac/ilp32\libc_nano.a(lib_a-__atexit.o)
__preinit_array_end                               c:/programming/assembler/toolchain-gd32v-v202-win/toolchain-gd32v-v202-win/compiler/bin/../lib/gcc/riscv64-unknown-elf/8.3.0/../../../../riscv64-unknown-elf/lib/rv32imac/ilp32\libc_nano.a(lib_a-init.o)
__preinit_array_start                             c:/programming/assembler/toolchain-gd32v-v202-win/toolchain-gd32v-v202-win/compiler/bin/../lib/gcc/riscv64-unknown-elf/8.3.0/../../../../riscv64-unknown-elf/lib/rv32imac/ilp32\libc_nano.a(lib_a-init.o)
__register_exitproc                               c:/programming/assembler/toolchain-gd32v-v202-win/toolchain-gd32v-v202-win/compiler/bin/../lib/gcc/riscv64-unknown-elf/8.3.0/../../../../riscv64-unknown-elf/lib/rv32imac/ilp32\libc_nano.a(lib_a-__atexit.o)
                                                  c:/programming/assembler/toolchain-gd32v-v202-win/toolchain-gd32v-v202-win/compiler/bin/../lib/gcc/riscv64-unknown-elf/8.3.0/../../../../riscv64-unknown-elf/lib/rv32imac/ilp32\libc_nano.a(lib_a-atexit.o)
__sf_fake_stderr                                  c:/programming/assembler/toolchain-gd32v-v202-win/toolchain-gd32v-v202-win/compiler/bin/../lib/gcc/riscv64-unknown-elf/8.3.0/../../../../riscv64-unknown-elf/lib/rv32imac/ilp32\libc_nano.a(lib_a-impure.o)
__sf_fake_stdin                                   c:/programming/assembler/toolchain-gd32v-v202-win/toolchain-gd32v-v202-win/compiler/bin/../lib/gcc/riscv64-unknown-elf/8.3.0/../../../../riscv64-unknown-elf/lib/rv32imac/ilp32\libc_nano.a(lib_a-impure.o)
__sf_fake_stdout                                  c:/programming/assembler/toolchain-gd32v-v202-win/toolchain-gd32v-v202-win/compiler/bin/../lib/gcc/riscv64-unknown-elf/8.3.0/../../../../riscv64-unknown-elf/lib/rv32imac/ilp32\libc_nano.a(lib_a-impure.o)
_close                                            build/close.o
_data                                             build/start.o
_data_lma                                         build/start.o
_edata                                            build/start.o
_end                                              build/start.o
                                                  build/sbrk.o
_exit                                             build/_exit.o
                                                  c:/programming/assembler/toolchain-gd32v-v202-win/toolchain-gd32v-v202-win/compiler/bin/../lib/gcc/riscv64-unknown-elf/8.3.0/../../../../riscv64-unknown-elf/lib/rv32imac/ilp32\libc_nano.a(lib_a-exit.o)
                                                  build/handlers.o
_fini                                             build/init.o
_free_r                                           c:/programming/assembler/toolchain-gd32v-v202-win/toolchain-gd32v-v202-win/compiler/bin/../lib/gcc/riscv64-unknown-elf/8.3.0/../../../../riscv64-unknown-elf/lib/rv32imac/ilp32\libc_nano.a(lib_a-nano-freer.o)
                                                  c:/programming/assembler/toolchain-gd32v-v202-win/toolchain-gd32v-v202-win/compiler/bin/../lib/gcc/riscv64-unknown-elf/8.3.0/../../../../riscv64-unknown-elf/lib/rv32imac/ilp32\libc_nano.a(lib_a-reent.o)
_fstat                                            build/fstat.o
_global_atexit                                    c:/programming/assembler/toolchain-gd32v-v202-win/toolchain-gd32v-v202-win/compiler/bin/../lib/gcc/riscv64-unknown-elf/8.3.0/../../../../riscv64-unknown-elf/lib/rv32imac/ilp32\libc_nano.a(lib_a-__call_atexit.o)
                                                  c:/programming/assembler/toolchain-gd32v-v202-win/toolchain-gd32v-v202-win/compiler/bin/../lib/gcc/riscv64-unknown-elf/8.3.0/../../../../riscv64-unknown-elf/lib/rv32imac/ilp32\libc_nano.a(lib_a-__atexit.o)
_global_impure_ptr                                c:/programming/assembler/toolchain-gd32v-v202-win/toolchain-gd32v-v202-win/compiler/bin/../lib/gcc/riscv64-unknown-elf/8.3.0/../../../../riscv64-unknown-elf/lib/rv32imac/ilp32\libc_nano.a(lib_a-impure.o)
                                                  c:/programming/assembler/toolchain-gd32v-v202-win/toolchain-gd32v-v202-win/compiler/bin/../lib/gcc/riscv64-unknown-elf/8.3.0/../../../../riscv64-unknown-elf/lib/rv32imac/ilp32\libc_nano.a(lib_a-exit.o)
_heap_end                                         build/sbrk.o
_impure_ptr                                       c:/programming/assembler/toolchain-gd32v-v202-win/toolchain-gd32v-v202-win/compiler/bin/../lib/gcc/riscv64-unknown-elf/8.3.0/../../../../riscv64-unknown-elf/lib/rv32imac/ilp32\libc_nano.a(lib_a-impure.o)
                                                  c:/programming/assembler/toolchain-gd32v-v202-win/toolchain-gd32v-v202-win/compiler/bin/../lib/gcc/riscv64-unknown-elf/8.3.0/../../../../riscv64-unknown-elf/lib/rv32imac/ilp32\libc_nano.a(lib_a-errno.o)
                                                  c:/programming/assembler/toolchain-gd32v-v202-win/toolchain-gd32v-v202-win/compiler/bin/../lib/gcc/riscv64-unknown-elf/8.3.0/../../../../riscv64-unknown-elf/lib/rv32imac/ilp32\libc_nano.a(lib_a-reent.o)
                                                  c:/programming/assembler/toolchain-gd32v-v202-win/toolchain-gd32v-v202-win/compiler/bin/../lib/gcc/riscv64-unknown-elf/8.3.0/../../../../riscv64-unknown-elf/lib/rv32imac/ilp32\libc_nano.a(lib_a-syswrite.o)
_init                                             build/init.o
                                                  build/start.o
_isatty                                           build/isatty.o
                                                  c:/programming/assembler/toolchain-gd32v-v202-win/toolchain-gd32v-v202-win/compiler/bin/../lib/gcc/riscv64-unknown-elf/8.3.0/../../../../riscv64-unknown-elf/lib/rv32imac/ilp32\libc_nano.a(lib_a-sysisatty.o)
_lseek                                            build/lseek.o
_malloc_r                                         c:/programming/assembler/toolchain-gd32v-v202-win/toolchain-gd32v-v202-win/compiler/bin/../lib/gcc/riscv64-unknown-elf/8.3.0/../../../../riscv64-unknown-elf/lib/rv32imac/ilp32\libc_nano.a(lib_a-nano-mallocr.o)
_put_char                                         build/write.o
_read                                             build/read.o
_reclaim_reent                                    c:/programming/assembler/toolchain-gd32v-v202-win/toolchain-gd32v-v202-win/compiler/bin/../lib/gcc/riscv64-unknown-elf/8.3.0/../../../../riscv64-unknown-elf/lib/rv32imac/ilp32\libc_nano.a(lib_a-reent.o)
_sbrk                                             build/sbrk.o
                                                  c:/programming/assembler/toolchain-gd32v-v202-win/toolchain-gd32v-v202-win/compiler/bin/../lib/gcc/riscv64-unknown-elf/8.3.0/../../../../riscv64-unknown-elf/lib/rv32imac/ilp32\libc_nano.a(lib_a-sbrkr.o)
_sbrk_r                                           c:/programming/assembler/toolchain-gd32v-v202-win/toolchain-gd32v-v202-win/compiler/bin/../lib/gcc/riscv64-unknown-elf/8.3.0/../../../../riscv64-unknown-elf/lib/rv32imac/ilp32\libc_nano.a(lib_a-sbrkr.o)
                                                  c:/programming/assembler/toolchain-gd32v-v202-win/toolchain-gd32v-v202-win/compiler/bin/../lib/gcc/riscv64-unknown-elf/8.3.0/../../../../riscv64-unknown-elf/lib/rv32imac/ilp32\libc_nano.a(lib_a-nano-mallocr.o)
_sp                                               build/start.o
_start                                            build/start.o
_write                                            c:/programming/assembler/toolchain-gd32v-v202-win/toolchain-gd32v-v202-win/compiler/bin/../lib/gcc/riscv64-unknown-elf/8.3.0/../../../../riscv64-unknown-elf/lib/rv32imac/ilp32\libgloss_nano.a(sys_write.o)
                                                  c:/programming/assembler/toolchain-gd32v-v202-win/toolchain-gd32v-v202-win/compiler/bin/../lib/gcc/riscv64-unknown-elf/8.3.0/../../../../riscv64-unknown-elf/lib/rv32imac/ilp32\libc_nano.a(lib_a-writer.o)
_write_r                                          c:/programming/assembler/toolchain-gd32v-v202-win/toolchain-gd32v-v202-win/compiler/bin/../lib/gcc/riscv64-unknown-elf/8.3.0/../../../../riscv64-unknown-elf/lib/rv32imac/ilp32\libc_nano.a(lib_a-writer.o)
                                                  c:/programming/assembler/toolchain-gd32v-v202-win/toolchain-gd32v-v202-win/compiler/bin/../lib/gcc/riscv64-unknown-elf/8.3.0/../../../../riscv64-unknown-elf/lib/rv32imac/ilp32\libc_nano.a(lib_a-syswrite.o)
adc_calibration_enable                            build/gd32vf103_adc.o
adc_channel_length_config                         build/gd32vf103_adc.o
adc_data_alignment_config                         build/gd32vf103_adc.o
adc_deinit                                        build/gd32vf103_adc.o
adc_disable                                       build/gd32vf103_adc.o
adc_discontinuous_mode_config                     build/gd32vf103_adc.o
adc_dma_mode_disable                              build/gd32vf103_adc.o
adc_dma_mode_enable                               build/gd32vf103_adc.o
adc_enable                                        build/gd32vf103_adc.o
adc_external_trigger_config                       build/gd32vf103_adc.o
adc_external_trigger_source_config                build/gd32vf103_adc.o
adc_flag_clear                                    build/gd32vf103_adc.o
adc_flag_get                                      build/gd32vf103_adc.o
adc_inserted_channel_config                       build/gd32vf103_adc.o
adc_inserted_channel_offset_config                build/gd32vf103_adc.o
adc_inserted_data_read                            build/gd32vf103_adc.o
adc_inserted_software_startconv_flag_get          build/gd32vf103_adc.o
adc_interrupt_disable                             build/gd32vf103_adc.o
adc_interrupt_enable                              build/gd32vf103_adc.o
adc_interrupt_flag_clear                          build/gd32vf103_adc.o
adc_interrupt_flag_get                            build/gd32vf103_adc.o
adc_mode_config                                   build/gd32vf103_adc.o
adc_oversample_mode_config                        build/gd32vf103_adc.o
adc_oversample_mode_disable                       build/gd32vf103_adc.o
adc_oversample_mode_enable                        build/gd32vf103_adc.o
adc_regular_channel_config                        build/gd32vf103_adc.o
adc_regular_data_read                             build/gd32vf103_adc.o
adc_regular_software_startconv_flag_get           build/gd32vf103_adc.o
adc_resolution_config                             build/gd32vf103_adc.o
adc_software_trigger_enable                       build/gd32vf103_adc.o
adc_special_function_config                       build/gd32vf103_adc.o
adc_sync_mode_convert_value_read                  build/gd32vf103_adc.o
adc_tempsensor_vrefint_disable                    build/gd32vf103_adc.o
adc_tempsensor_vrefint_enable                     build/gd32vf103_adc.o
adc_watchdog_disable                              build/gd32vf103_adc.o
adc_watchdog_group_channel_enable                 build/gd32vf103_adc.o
adc_watchdog_single_channel_enable                build/gd32vf103_adc.o
adc_watchdog_threshold_config                     build/gd32vf103_adc.o
asc2_1608                                         build/lcd.o
atexit                                            c:/programming/assembler/toolchain-gd32v-v202-win/toolchain-gd32v-v202-win/compiler/bin/../lib/gcc/riscv64-unknown-elf/8.3.0/../../../../riscv64-unknown-elf/lib/rv32imac/ilp32\libc_nano.a(lib_a-atexit.o)
                                                  build/start.o
bkp_data_read                                     build/gd32vf103_bkp.o
bkp_data_write                                    build/gd32vf103_bkp.o
bkp_deinit                                        build/gd32vf103_bkp.o
bkp_flag_clear                                    build/gd32vf103_bkp.o
bkp_flag_get                                      build/gd32vf103_bkp.o
bkp_interrupt_disable                             build/gd32vf103_bkp.o
bkp_interrupt_enable                              build/gd32vf103_bkp.o
bkp_interrupt_flag_clear                          build/gd32vf103_bkp.o
bkp_interrupt_flag_get                            build/gd32vf103_bkp.o
bkp_rtc_calibration_output_disable                build/gd32vf103_bkp.o
bkp_rtc_calibration_output_enable                 build/gd32vf103_bkp.o
bkp_rtc_calibration_value_set                     build/gd32vf103_bkp.o
bkp_rtc_output_select                             build/gd32vf103_bkp.o
bkp_rtc_signal_output_disable                     build/gd32vf103_bkp.o
bkp_rtc_signal_output_enable                      build/gd32vf103_bkp.o
bkp_tamper_active_level_set                       build/gd32vf103_bkp.o
bkp_tamper_detection_disable                      build/gd32vf103_bkp.o
bkp_tamper_detection_enable                       build/gd32vf103_bkp.o
can1_filter_start_bank                            build/gd32vf103_can.o
can_debug_freeze_disable                          build/gd32vf103_can.o
can_debug_freeze_enable                           build/gd32vf103_can.o
can_deinit                                        build/gd32vf103_can.o
can_error_get                                     build/gd32vf103_can.o
can_fifo_release                                  build/gd32vf103_can.o
can_filter_init                                   build/gd32vf103_can.o
can_flag_clear                                    build/gd32vf103_can.o
can_flag_get                                      build/gd32vf103_can.o
can_init                                          build/gd32vf103_can.o
can_interrupt_disable                             build/gd32vf103_can.o
can_interrupt_enable                              build/gd32vf103_can.o
can_interrupt_flag_clear                          build/gd32vf103_can.o
can_interrupt_flag_get                            build/gd32vf103_can.o
can_message_receive                               build/gd32vf103_can.o
can_message_transmit                              build/gd32vf103_can.o
can_receive_error_number_get                      build/gd32vf103_can.o
can_receive_message_length_get                    build/gd32vf103_can.o
can_struct_para_init                              build/gd32vf103_can.o
can_time_trigger_mode_disable                     build/gd32vf103_can.o
can_time_trigger_mode_enable                      build/gd32vf103_can.o
can_transmission_stop                             build/gd32vf103_can.o
can_transmit_error_number_get                     build/gd32vf103_can.o
can_transmit_states                               build/gd32vf103_can.o
can_wakeup                                        build/gd32vf103_can.o
can_working_mode_set                              build/gd32vf103_can.o
cleanup_glue                                      c:/programming/assembler/toolchain-gd32v-v202-win/toolchain-gd32v-v202-win/compiler/bin/../lib/gcc/riscv64-unknown-elf/8.3.0/../../../../riscv64-unknown-elf/lib/rv32imac/ilp32\libc_nano.a(lib_a-reent.o)
colinit                                           build/drivers.o
                                                  build/main.o
colset                                            build/drivers.o
                                                  build/main.o
crc_block_data_calculate                          build/gd32vf103_crc.o
crc_data_register_read                            build/gd32vf103_crc.o
crc_data_register_reset                           build/gd32vf103_crc.o
crc_deinit                                        build/gd32vf103_crc.o
crc_free_data_register_read                       build/gd32vf103_crc.o
crc_free_data_register_write                      build/gd32vf103_crc.o
crc_single_data_calculate                         build/gd32vf103_crc.o
dac_concurrent_data_set                           build/gd32vf103_dac.o
dac_concurrent_disable                            build/gd32vf103_dac.o
dac_concurrent_enable                             build/gd32vf103_dac.o
dac_concurrent_output_buffer_disable              build/gd32vf103_dac.o
dac_concurrent_output_buffer_enable               build/gd32vf103_dac.o
dac_concurrent_software_trigger_disable           build/gd32vf103_dac.o
dac_concurrent_software_trigger_enable            build/gd32vf103_dac.o
dac_data_set                                      build/gd32vf103_dac.o
dac_deinit                                        build/gd32vf103_dac.o
dac_disable                                       build/gd32vf103_dac.o
dac_dma_disable                                   build/gd32vf103_dac.o
dac_dma_enable                                    build/gd32vf103_dac.o
dac_enable                                        build/gd32vf103_dac.o
dac_lfsr_noise_config                             build/gd32vf103_dac.o
dac_output_buffer_disable                         build/gd32vf103_dac.o
dac_output_buffer_enable                          build/gd32vf103_dac.o
dac_output_value_get                              build/gd32vf103_dac.o
dac_software_trigger_disable                      build/gd32vf103_dac.o
dac_software_trigger_enable                       build/gd32vf103_dac.o
dac_triangle_noise_config                         build/gd32vf103_dac.o
dac_trigger_disable                               build/gd32vf103_dac.o
dac_trigger_enable                                build/gd32vf103_dac.o
dac_trigger_source_config                         build/gd32vf103_dac.o
dac_wave_bit_width_config                         build/gd32vf103_dac.o
dac_wave_mode_config                              build/gd32vf103_dac.o
dbg_id_get                                        build/gd32vf103_dbg.o
dbg_low_power_disable                             build/gd32vf103_dbg.o
dbg_low_power_enable                              build/gd32vf103_dbg.o
dbg_periph_disable                                build/gd32vf103_dbg.o
                                                  build/gd32vf103_can.o
dbg_periph_enable                                 build/gd32vf103_dbg.o
                                                  build/gd32vf103_can.o
disable_mcycle_minstret                           build/start.o
                                                  build/init.o
dma_channel_disable                               build/gd32vf103_dma.o
dma_channel_enable                                build/gd32vf103_dma.o
dma_circulation_disable                           build/gd32vf103_dma.o
dma_circulation_enable                            build/gd32vf103_dma.o
dma_deinit                                        build/gd32vf103_dma.o
dma_flag_clear                                    build/gd32vf103_dma.o